2026/10/07 06:47:50 - mmengine - INFO - 
------------------------------------------------------------
System environment:
    sys.platform: linux
    Python: 3.13.15 (main, Aug  6 2026, 11:06:22) [GCC 13.3.0]
    CUDA available: True
    MUSA available: False
    numpy_random_seed: 42
    GPU 0,1: Tesla T4
    CUDA_HOME: /usr/local/cuda
    NVCC: Cuda compilation tools, release 12.8, V12.8.93
    GCC: x86_64-linux-gnu-gcc (Ubuntu 13.3.0-6ubuntu2~24.04.1) 13.3.0
    PyTorch: 2.11.0+cu128
    PyTorch compiling details: PyTorch built with:
  - GCC 13.3
  - C++ Version: 201703
  - Intel(R) oneAPI Math Kernel Library Version 2024.2-Product Build 20240605 for Intel(R) 64 architecture applications
  - Intel(R) MKL-DNN v3.10.2 (Git Hash f1d471933dc852f956fd05389f9313c7148783d5)
  - OpenMP 201511 (a.k.a. OpenMP 4.5)
  - LAPACK is enabled (usually provided by MKL)
  - NNPACK is enabled
  - CPU capability usage: AVX512
  - CUDA Runtime 12.8
  - NVCC architecture flags: -gencode;arch=compute_75,code=sm_75;-gencode;arch=compute_80,code=sm_80;-gencode;arch=compute_86,code=sm_86;-gencode;arch=compute_90,code=sm_90;-gencode;arch=compute_100,code=sm_100;-gencode;arch=compute_120,code=sm_120
  - CuDNN 91.9  (built against CUDA 12.9)
  - Magma 2.6.1
  - Build settings: BLAS_INFO=mkl, BUILD_TYPE=Release, COMMIT_SHA=70d99e998b4955e0049d13a98d77ae1b14db1f45, CUDA_VERSION=12.8, CUDNN_VERSION=9.19.0, CXX_COMPILER=/opt/rh/gcc-toolset-13/root/usr/bin/c++, CXX_FLAGS= -fvisibility-inlines-hidden -DUSE_PTHREADPOOL -DNDEBUG -DUSE_KINETO -DLIBKINETO_NOROCTRACER -DLIBKINETO_NOXPUPTI=ON -DUSE_FBGEMM -DUSE_MSLK -DUSE_PYTORCH_QNNPACK -DUSE_XNNPACK -DSYMBOLICATE_MOBILE_DEBUG_HANDLE -O2 -fPIC -DC10_NODEPRECATED -Wall -Wextra -Werror=return-type -Werror=non-virtual-dtor -Werror=range-loop-construct -Werror=bool-operation -Wnarrowing -Wno-missing-field-initializers -Wno-unknown-pragmas -Wno-unused-parameter -Wno-strict-overflow -Wno-strict-aliasing -Wno-stringop-overflow -Wsuggest-override -Wno-psabi -Wno-error=old-style-cast -faligned-new -Wno-maybe-uninitialized -fno-math-errno -fno-trapping-math -Werror=format -Wno-dangling-reference -Wno-error=dangling-reference -Wno-stringop-overflow, LAPACK_INFO=mkl, PERF_WITH_AVX=1, PERF_WITH_AVX2=1, TORCH_VERSION=2.11.0, USE_CUDA=ON, USE_CUDNN=ON, USE_CUSPARSELT=1, USE_GFLAGS=OFF, USE_GLOG=OFF, USE_GLOO=ON, USE_MKL=ON, USE_MKLDNN=ON, USE_MPI=OFF, USE_NCCL=1, USE_NNPACK=ON, USE_OPENMP=ON, USE_ROCM=OFF, USE_ROCM_KERNEL_ASSERT=OFF, USE_XCCL=OFF, USE_XPU=OFF, 

    TorchVision: 0.26.0+cu128
    OpenCV: 4.14.0
    MMEngine: 0.10.7

Runtime environment:
    dist_cfg: {'backend': 'nccl'}
    seed: 42
    deterministic: False
    Distributed launcher: none
    Distributed training: False
    GPU number: 1
------------------------------------------------------------

2026/10/07 06:47:50 - mmengine - INFO - Config:
ann_file_train = '/kaggle/working/data_clean_v7_dedup/train_clean.pkl'
ann_file_val = '/kaggle/working/data_clean_v7_dedup/val_unique.pkl'
custom_imports = dict(
    allow_failed_imports=True, imports=[
        'pose_transforms_extra',
    ])
data_root = './'
dataset_type = 'PoseDataset'
default_hooks = dict(
    checkpoint=dict(
        interval=2,
        max_keep_ckpts=3,
        save_best='acc/top1',
        type='CheckpointHook'),
    logger=dict(interval=20, type='LoggerHook'))
default_scope = 'mmaction'
launcher = 'none'
left_kp = [
    1,
    3,
    5,
    7,
    9,
    11,
    13,
    15,
]
load_from = 'https://download.openmmlab.com/mmaction/v1.0/skeleton/posec3d/slowonly_r50_8xb16-u48-240e_gym-limb/slowonly_r50_8xb16-u48-240e_gym-limb_20220815-2e6e3c5c.pth'
model = dict(
    backbone=dict(
        base_channels=32,
        conv1_stride_s=1,
        depth=50,
        dilations=(
            1,
            1,
            1,
        ),
        in_channels=17,
        inflate=(
            0,
            1,
            1,
        ),
        num_stages=3,
        out_indices=(2, ),
        pool1_stride_s=1,
        pretrained=None,
        spatial_strides=(
            2,
            2,
            2,
        ),
        stage_blocks=(
            4,
            6,
            3,
        ),
        temporal_strides=(
            1,
            1,
            2,
        ),
        type='ResNet3dSlowOnly'),
    cls_head=dict(
        average_clips='prob',
        dropout_ratio=0.6,
        in_channels=512,
        loss_cls=dict(
            class_weight=[
                1.1061,
                1.0618,
                1.0669,
                0.7876,
                0.9191,
                1.1845,
                0.9853,
            ],
            type='CrossEntropyLoss'),
        num_classes=7,
        type='I3DHead'),
    type='Recognizer3D')
optim_wrapper = dict(
    clip_grad=dict(max_norm=40, norm_type=2),
    optimizer=dict(lr=0.01, momentum=0.9, type='SGD', weight_decay=0.0005))
randomness = dict(deterministic=False, seed=42)
right_kp = [
    2,
    4,
    6,
    8,
    10,
    12,
    14,
    16,
]
skeletons = [
    [
        0,
        5,
    ],
    [
        0,
        6,
    ],
    [
        5,
        7,
    ],
    [
        7,
        9,
    ],
    [
        6,
        8,
    ],
    [
        8,
        10,
    ],
    [
        5,
        11,
    ],
    [
        11,
        13,
    ],
    [
        13,
        15,
    ],
    [
        6,
        12,
    ],
    [
        12,
        14,
    ],
    [
        14,
        16,
    ],
    [
        0,
        1,
    ],
    [
        0,
        2,
    ],
    [
        1,
        3,
    ],
    [
        2,
        4,
    ],
    [
        11,
        12,
    ],
]
test_cfg = dict(type='TestLoop')
test_dataloader = dict(
    batch_size=16,
    dataset=dict(
        ann_file='/kaggle/working/data_clean_v7_dedup/val_unique.pkl',
        pipeline=[
            dict(
                clip_len=48,
                num_clips=1,
                test_mode=True,
                type='UniformSampleFrames'),
            dict(type='PoseDecode'),
            dict(allow_imgpad=True, hw_ratio=1.0, type='PoseCompact'),
            dict(scale=(
                -1,
                56,
            ), type='Resize'),
            dict(crop_size=56, type='CenterCrop'),
            dict(
                sigma=0.6,
                skeletons=[
                    [
                        0,
                        5,
                    ],
                    [
                        0,
                        6,
                    ],
                    [
                        5,
                        7,
                    ],
                    [
                        7,
                        9,
                    ],
                    [
                        6,
                        8,
                    ],
                    [
                        8,
                        10,
                    ],
                    [
                        5,
                        11,
                    ],
                    [
                        11,
                        13,
                    ],
                    [
                        13,
                        15,
                    ],
                    [
                        6,
                        12,
                    ],
                    [
                        12,
                        14,
                    ],
                    [
                        14,
                        16,
                    ],
                    [
                        0,
                        1,
                    ],
                    [
                        0,
                        2,
                    ],
                    [
                        1,
                        3,
                    ],
                    [
                        2,
                        4,
                    ],
                    [
                        11,
                        12,
                    ],
                ],
                type='GeneratePoseTarget',
                use_score=True,
                with_kp=False,
                with_limb=True),
            dict(input_format='NCTHW_Heatmap', type='FormatShape'),
            dict(type='PackActionInputs'),
        ],
        test_mode=True,
        type='PoseDataset'),
    num_workers=2,
    persistent_workers=True,
    sampler=dict(shuffle=False, type='DefaultSampler'))
test_evaluator = [
    dict(type='AccMetric'),
]
train_cfg = dict(max_epochs=18, type='EpochBasedTrainLoop', val_interval=2)
train_dataloader = dict(
    batch_size=16,
    dataset=dict(
        ann_file='/kaggle/working/data_clean_v7_dedup/train_clean.pkl',
        pipeline=[
            dict(clip_len=48, type='UniformSampleFrames'),
            dict(type='PoseDecode'),
            dict(allow_imgpad=True, hw_ratio=1.0, type='PoseCompact'),
            dict(scale=(
                -1,
                64,
            ), type='Resize'),
            dict(area_range=(
                0.56,
                1.0,
            ), type='RandomResizedCrop'),
            dict(keep_ratio=False, scale=(
                56,
                56,
            ), type='Resize'),
            dict(
                flip_ratio=0.5,
                left_kp=[
                    1,
                    3,
                    5,
                    7,
                    9,
                    11,
                    13,
                    15,
                ],
                right_kp=[
                    2,
                    4,
                    6,
                    8,
                    10,
                    12,
                    14,
                    16,
                ],
                type='Flip'),
            dict(max_angle=12.0, prob=0.5, type='RandomRotateKeypoints'),
            dict(
                sigma=0.6,
                skeletons=[
                    [
                        0,
                        5,
                    ],
                    [
                        0,
                        6,
                    ],
                    [
                        5,
                        7,
                    ],
                    [
                        7,
                        9,
                    ],
                    [
                        6,
                        8,
                    ],
                    [
                        8,
                        10,
                    ],
                    [
                        5,
                        11,
                    ],
                    [
                        11,
                        13,
                    ],
                    [
                        13,
                        15,
                    ],
                    [
                        6,
                        12,
                    ],
                    [
                        12,
                        14,
                    ],
                    [
                        14,
                        16,
                    ],
                    [
                        0,
                        1,
                    ],
                    [
                        0,
                        2,
                    ],
                    [
                        1,
                        3,
                    ],
                    [
                        2,
                        4,
                    ],
                    [
                        11,
                        12,
                    ],
                ],
                type='GeneratePoseTarget',
                use_score=True,
                with_kp=False,
                with_limb=True),
            dict(input_format='NCTHW_Heatmap', type='FormatShape'),
            dict(type='PackActionInputs'),
        ],
        type='PoseDataset'),
    num_workers=2,
    persistent_workers=True,
    sampler=dict(shuffle=True, type='DefaultSampler'))
train_pipeline = [
    dict(clip_len=48, type='UniformSampleFrames'),
    dict(type='PoseDecode'),
    dict(allow_imgpad=True, hw_ratio=1.0, type='PoseCompact'),
    dict(scale=(
        -1,
        64,
    ), type='Resize'),
    dict(area_range=(
        0.56,
        1.0,
    ), type='RandomResizedCrop'),
    dict(keep_ratio=False, scale=(
        56,
        56,
    ), type='Resize'),
    dict(
        flip_ratio=0.5,
        left_kp=[
            1,
            3,
            5,
            7,
            9,
            11,
            13,
            15,
        ],
        right_kp=[
            2,
            4,
            6,
            8,
            10,
            12,
            14,
            16,
        ],
        type='Flip'),
    dict(max_angle=12.0, prob=0.5, type='RandomRotateKeypoints'),
    dict(
        sigma=0.6,
        skeletons=[
            [
                0,
                5,
            ],
            [
                0,
                6,
            ],
            [
                5,
                7,
            ],
            [
                7,
                9,
            ],
            [
                6,
                8,
            ],
            [
                8,
                10,
            ],
            [
                5,
                11,
            ],
            [
                11,
                13,
            ],
            [
                13,
                15,
            ],
            [
                6,
                12,
            ],
            [
                12,
                14,
            ],
            [
                14,
                16,
            ],
            [
                0,
                1,
            ],
            [
                0,
                2,
            ],
            [
                1,
                3,
            ],
            [
                2,
                4,
            ],
            [
                11,
                12,
            ],
        ],
        type='GeneratePoseTarget',
        use_score=True,
        with_kp=False,
        with_limb=True),
    dict(input_format='NCTHW_Heatmap', type='FormatShape'),
    dict(type='PackActionInputs'),
]
val_cfg = dict(type='ValLoop')
val_dataloader = dict(
    batch_size=16,
    dataset=dict(
        ann_file='/kaggle/working/data_clean_v7_dedup/val_unique.pkl',
        pipeline=[
            dict(
                clip_len=48,
                num_clips=1,
                test_mode=True,
                type='UniformSampleFrames'),
            dict(type='PoseDecode'),
            dict(allow_imgpad=True, hw_ratio=1.0, type='PoseCompact'),
            dict(scale=(
                -1,
                56,
            ), type='Resize'),
            dict(crop_size=56, type='CenterCrop'),
            dict(
                sigma=0.6,
                skeletons=[
                    [
                        0,
                        5,
                    ],
                    [
                        0,
                        6,
                    ],
                    [
                        5,
                        7,
                    ],
                    [
                        7,
                        9,
                    ],
                    [
                        6,
                        8,
                    ],
                    [
                        8,
                        10,
                    ],
                    [
                        5,
                        11,
                    ],
                    [
                        11,
                        13,
                    ],
                    [
                        13,
                        15,
                    ],
                    [
                        6,
                        12,
                    ],
                    [
                        12,
                        14,
                    ],
                    [
                        14,
                        16,
                    ],
                    [
                        0,
                        1,
                    ],
                    [
                        0,
                        2,
                    ],
                    [
                        1,
                        3,
                    ],
                    [
                        2,
                        4,
                    ],
                    [
                        11,
                        12,
                    ],
                ],
                type='GeneratePoseTarget',
                use_score=True,
                with_kp=False,
                with_limb=True),
            dict(input_format='NCTHW_Heatmap', type='FormatShape'),
            dict(type='PackActionInputs'),
        ],
        test_mode=True,
        type='PoseDataset'),
    num_workers=2,
    persistent_workers=True,
    sampler=dict(shuffle=False, type='DefaultSampler'))
val_evaluator = [
    dict(type='AccMetric'),
]
val_pipeline = [
    dict(clip_len=48, num_clips=1, test_mode=True, type='UniformSampleFrames'),
    dict(type='PoseDecode'),
    dict(allow_imgpad=True, hw_ratio=1.0, type='PoseCompact'),
    dict(scale=(
        -1,
        56,
    ), type='Resize'),
    dict(crop_size=56, type='CenterCrop'),
    dict(
        sigma=0.6,
        skeletons=[
            [
                0,
                5,
            ],
            [
                0,
                6,
            ],
            [
                5,
                7,
            ],
            [
                7,
                9,
            ],
            [
                6,
                8,
            ],
            [
                8,
                10,
            ],
            [
                5,
                11,
            ],
            [
                11,
                13,
            ],
            [
                13,
                15,
            ],
            [
                6,
                12,
            ],
            [
                12,
                14,
            ],
            [
                14,
                16,
            ],
            [
                0,
                1,
            ],
            [
                0,
                2,
            ],
            [
                1,
                3,
            ],
            [
                2,
                4,
            ],
            [
                11,
                12,
            ],
        ],
        type='GeneratePoseTarget',
        use_score=True,
        with_kp=False,
        with_limb=True),
    dict(input_format='NCTHW_Heatmap', type='FormatShape'),
    dict(type='PackActionInputs'),
]
work_dir = '/kaggle/working/work_dirs/posec3d_v7_dedup'

2026/10/07 06:47:53 - mmengine - INFO - Distributed training is not used, all SyncBatchNorm (SyncBN) layers in the model will be automatically reverted to BatchNormXd layers if they are used.
2026/10/07 06:47:53 - mmengine - INFO - Hooks will be executed in the following order:
before_run:
(VERY_HIGH   ) RuntimeInfoHook                    
(BELOW_NORMAL) LoggerHook                         
 -------------------- 
before_train:
(VERY_HIGH   ) RuntimeInfoHook                    
(NORMAL      ) IterTimerHook                      
(VERY_LOW    ) CheckpointHook                     
 -------------------- 
before_train_epoch:
(VERY_HIGH   ) RuntimeInfoHook                    
(NORMAL      ) IterTimerHook                      
(NORMAL      ) DistSamplerSeedHook                
 -------------------- 
before_train_iter:
(VERY_HIGH   ) RuntimeInfoHook                    
(NORMAL      ) IterTimerHook                      
 -------------------- 
after_train_iter:
(VERY_HIGH   ) RuntimeInfoHook                    
(NORMAL      ) IterTimerHook                      
(BELOW_NORMAL) LoggerHook                         
(LOW         ) ParamSchedulerHook                 
(VERY_LOW    ) CheckpointHook                     
 -------------------- 
after_train_epoch:
(NORMAL      ) IterTimerHook                      
(LOW         ) ParamSchedulerHook                 
(VERY_LOW    ) CheckpointHook                     
 -------------------- 
before_val:
(VERY_HIGH   ) RuntimeInfoHook                    
 -------------------- 
before_val_epoch:
(NORMAL      ) IterTimerHook                      
 -------------------- 
before_val_iter:
(NORMAL      ) IterTimerHook                      
 -------------------- 
after_val_iter:
(NORMAL      ) IterTimerHook                      
(BELOW_NORMAL) LoggerHook                         
 -------------------- 
after_val_epoch:
(VERY_HIGH   ) RuntimeInfoHook                    
(NORMAL      ) IterTimerHook                      
(BELOW_NORMAL) LoggerHook                         
(LOW         ) ParamSchedulerHook                 
(VERY_LOW    ) CheckpointHook                     
 -------------------- 
after_val:
(VERY_HIGH   ) RuntimeInfoHook                    
 -------------------- 
after_train:
(VERY_HIGH   ) RuntimeInfoHook                    
(VERY_LOW    ) CheckpointHook                     
 -------------------- 
before_test:
(VERY_HIGH   ) RuntimeInfoHook                    
 -------------------- 
before_test_epoch:
(NORMAL      ) IterTimerHook                      
 -------------------- 
before_test_iter:
(NORMAL      ) IterTimerHook                      
 -------------------- 
after_test_iter:
(NORMAL      ) IterTimerHook                      
(BELOW_NORMAL) LoggerHook                         
 -------------------- 
after_test_epoch:
(VERY_HIGH   ) RuntimeInfoHook                    
(NORMAL      ) IterTimerHook                      
(BELOW_NORMAL) LoggerHook                         
 -------------------- 
after_test:
(VERY_HIGH   ) RuntimeInfoHook                    
 -------------------- 
after_run:
(BELOW_NORMAL) LoggerHook                         
 -------------------- 
2026/10/07 06:47:54 - mmengine - INFO - 3159 videos remain after valid thresholding
2026/10/07 06:47:55 - mmengine - INFO - 192 videos remain after valid thresholding
Name of parameter - Initialization information

backbone.conv1.conv.weight - torch.Size([32, 17, 1, 7, 7]): 
Initialized by user-defined `init_weights` in ResNet3dSlowOnly  

backbone.conv1.bn.weight - torch.Size([32]): 
The value is the same before and after calling `init_weights` of Recognizer3D  

backbone.conv1.bn.bias - torch.Size([32]): 
The value is the same before and after calling `init_weights` of Recognizer3D  

backbone.layer1.0.conv1.conv.weight - torch.Size([32, 32, 1, 1, 1]): 
Initialized by user-defined `init_weights` in ResNet3dSlowOnly  

backbone.layer1.0.conv1.bn.weight - torch.Size([32]): 
The value is the same before and after calling `init_weights` of Recognizer3D  

backbone.layer1.0.conv1.bn.bias - torch.Size([32]): 
The value is the same before and after calling `init_weights` of Recognizer3D  

backbone.layer1.0.conv2.conv.weight - torch.Size([32, 32, 1, 3, 3]): 
Initialized by user-defined `init_weights` in ResNet3dSlowOnly  

backbone.layer1.0.conv2.bn.weight - torch.Size([32]): 
The value is the same before and after calling `init_weights` of Recognizer3D  

backbone.layer1.0.conv2.bn.bias - torch.Size([32]): 
The value is the same before and after calling `init_weights` of Recognizer3D  

backbone.layer1.0.conv3.conv.weight - torch.Size([128, 32, 1, 1, 1]): 
Initialized by user-defined `init_weights` in ResNet3dSlowOnly  

backbone.layer1.0.conv3.bn.weight - torch.Size([128]): 
Initialized by user-defined `init_weights` in ResNet3dSlowOnly  

backbone.layer1.0.conv3.bn.bias - torch.Size([128]): 
The value is the same before and after calling `init_weights` of Recognizer3D  

backbone.layer1.0.downsample.conv.weight - torch.Size([128, 32, 1, 1, 1]): 
Initialized by user-defined `init_weights` in ResNet3dSlowOnly  

backbone.layer1.0.downsample.bn.weight - torch.Size([128]): 
The value is the same before and after calling `init_weights` of Recognizer3D  

backbone.layer1.0.downsample.bn.bias - torch.Size([128]): 
The value is the same before and after calling `init_weights` of Recognizer3D  

backbone.layer1.1.conv1.conv.weight - torch.Size([32, 128, 1, 1, 1]): 
Initialized by user-defined `init_weights` in ResNet3dSlowOnly  

backbone.layer1.1.conv1.bn.weight - torch.Size([32]): 
The value is the same before and after calling `init_weights` of Recognizer3D  

backbone.layer1.1.conv1.bn.bias - torch.Size([32]): 
The value is the same before and after calling `init_weights` of Recognizer3D  

backbone.layer1.1.conv2.conv.weight - torch.Size([32, 32, 1, 3, 3]): 
Initialized by user-defined `init_weights` in ResNet3dSlowOnly  

backbone.layer1.1.conv2.bn.weight - torch.Size([32]): 
The value is the same before and after calling `init_weights` of Recognizer3D  

backbone.layer1.1.conv2.bn.bias - torch.Size([32]): 
The value is the same before and after calling `init_weights` of Recognizer3D  

backbone.layer1.1.conv3.conv.weight - torch.Size([128, 32, 1, 1, 1]): 
Initialized by user-defined `init_weights` in ResNet3dSlowOnly  

backbone.layer1.1.conv3.bn.weight - torch.Size([128]): 
Initialized by user-defined `init_weights` in ResNet3dSlowOnly  

backbone.layer1.1.conv3.bn.bias - torch.Size([128]): 
The value is the same before and after calling `init_weights` of Recognizer3D  

backbone.layer1.2.conv1.conv.weight - torch.Size([32, 128, 1, 1, 1]): 
Initialized by user-defined `init_weights` in ResNet3dSlowOnly  

backbone.layer1.2.conv1.bn.weight - torch.Size([32]): 
The value is the same before and after calling `init_weights` of Recognizer3D  

backbone.layer1.2.conv1.bn.bias - torch.Size([32]): 
The value is the same before and after calling `init_weights` of Recognizer3D  

backbone.layer1.2.conv2.conv.weight - torch.Size([32, 32, 1, 3, 3]): 
Initialized by user-defined `init_weights` in ResNet3dSlowOnly  

backbone.layer1.2.conv2.bn.weight - torch.Size([32]): 
The value is the same before and after calling `init_weights` of Recognizer3D  

backbone.layer1.2.conv2.bn.bias - torch.Size([32]): 
The value is the same before and after calling `init_weights` of Recognizer3D  

backbone.layer1.2.conv3.conv.weight - torch.Size([128, 32, 1, 1, 1]): 
Initialized by user-defined `init_weights` in ResNet3dSlowOnly  

backbone.layer1.2.conv3.bn.weight - torch.Size([128]): 
Initialized by user-defined `init_weights` in ResNet3dSlowOnly  

backbone.layer1.2.conv3.bn.bias - torch.Size([128]): 
The value is the same before and after calling `init_weights` of Recognizer3D  

backbone.layer1.3.conv1.conv.weight - torch.Size([32, 128, 1, 1, 1]): 
Initialized by user-defined `init_weights` in ResNet3dSlowOnly  

backbone.layer1.3.conv1.bn.weight - torch.Size([32]): 
The value is the same before and after calling `init_weights` of Recognizer3D  

backbone.layer1.3.conv1.bn.bias - torch.Size([32]): 
The value is the same before and after calling `init_weights` of Recognizer3D  

backbone.layer1.3.conv2.conv.weight - torch.Size([32, 32, 1, 3, 3]): 
Initialized by user-defined `init_weights` in ResNet3dSlowOnly  

backbone.layer1.3.conv2.bn.weight - torch.Size([32]): 
The value is the same before and after calling `init_weights` of Recognizer3D  

backbone.layer1.3.conv2.bn.bias - torch.Size([32]): 
The value is the same before and after calling `init_weights` of Recognizer3D  

backbone.layer1.3.conv3.conv.weight - torch.Size([128, 32, 1, 1, 1]): 
Initialized by user-defined `init_weights` in ResNet3dSlowOnly  

backbone.layer1.3.conv3.bn.weight - torch.Size([128]): 
Initialized by user-defined `init_weights` in ResNet3dSlowOnly  

backbone.layer1.3.conv3.bn.bias - torch.Size([128]): 
The value is the same before and after calling `init_weights` of Recognizer3D  

backbone.layer2.0.conv1.conv.weight - torch.Size([64, 128, 3, 1, 1]): 
Initialized by user-defined `init_weights` in ResNet3dSlowOnly  

backbone.layer2.0.conv1.bn.weight - torch.Size([64]): 
The value is the same before and after calling `init_weights` of Recognizer3D  

backbone.layer2.0.conv1.bn.bias - torch.Size([64]): 
The value is the same before and after calling `init_weights` of Recognizer3D  

backbone.layer2.0.conv2.conv.weight - torch.Size([64, 64, 1, 3, 3]): 
Initialized by user-defined `init_weights` in ResNet3dSlowOnly  

backbone.layer2.0.conv2.bn.weight - torch.Size([64]): 
The value is the same before and after calling `init_weights` of Recognizer3D  

backbone.layer2.0.conv2.bn.bias - torch.Size([64]): 
The value is the same before and after calling `init_weights` of Recognizer3D  

backbone.layer2.0.conv3.conv.weight - torch.Size([256, 64, 1, 1, 1]): 
Initialized by user-defined `init_weights` in ResNet3dSlowOnly  

backbone.layer2.0.conv3.bn.weight - torch.Size([256]): 
Initialized by user-defined `init_weights` in ResNet3dSlowOnly  

backbone.layer2.0.conv3.bn.bias - torch.Size([256]): 
The value is the same before and after calling `init_weights` of Recognizer3D  

backbone.layer2.0.downsample.conv.weight - torch.Size([256, 128, 1, 1, 1]): 
Initialized by user-defined `init_weights` in ResNet3dSlowOnly  

backbone.layer2.0.downsample.bn.weight - torch.Size([256]): 
The value is the same before and after calling `init_weights` of Recognizer3D  

backbone.layer2.0.downsample.bn.bias - torch.Size([256]): 
The value is the same before and after calling `init_weights` of Recognizer3D  

backbone.layer2.1.conv1.conv.weight - torch.Size([64, 256, 3, 1, 1]): 
Initialized by user-defined `init_weights` in ResNet3dSlowOnly  

backbone.layer2.1.conv1.bn.weight - torch.Size([64]): 
The value is the same before and after calling `init_weights` of Recognizer3D  

backbone.layer2.1.conv1.bn.bias - torch.Size([64]): 
The value is the same before and after calling `init_weights` of Recognizer3D  

backbone.layer2.1.conv2.conv.weight - torch.Size([64, 64, 1, 3, 3]): 
Initialized by user-defined `init_weights` in ResNet3dSlowOnly  

backbone.layer2.1.conv2.bn.weight - torch.Size([64]): 
The value is the same before and after calling `init_weights` of Recognizer3D  

backbone.layer2.1.conv2.bn.bias - torch.Size([64]): 
The value is the same before and after calling `init_weights` of Recognizer3D  

backbone.layer2.1.conv3.conv.weight - torch.Size([256, 64, 1, 1, 1]): 
Initialized by user-defined `init_weights` in ResNet3dSlowOnly  

backbone.layer2.1.conv3.bn.weight - torch.Size([256]): 
Initialized by user-defined `init_weights` in ResNet3dSlowOnly  

backbone.layer2.1.conv3.bn.bias - torch.Size([256]): 
The value is the same before and after calling `init_weights` of Recognizer3D  

backbone.layer2.2.conv1.conv.weight - torch.Size([64, 256, 3, 1, 1]): 
Initialized by user-defined `init_weights` in ResNet3dSlowOnly  

backbone.layer2.2.conv1.bn.weight - torch.Size([64]): 
The value is the same before and after calling `init_weights` of Recognizer3D  

backbone.layer2.2.conv1.bn.bias - torch.Size([64]): 
The value is the same before and after calling `init_weights` of Recognizer3D  

backbone.layer2.2.conv2.conv.weight - torch.Size([64, 64, 1, 3, 3]): 
Initialized by user-defined `init_weights` in ResNet3dSlowOnly  

backbone.layer2.2.conv2.bn.weight - torch.Size([64]): 
The value is the same before and after calling `init_weights` of Recognizer3D  

backbone.layer2.2.conv2.bn.bias - torch.Size([64]): 
The value is the same before and after calling `init_weights` of Recognizer3D  

backbone.layer2.2.conv3.conv.weight - torch.Size([256, 64, 1, 1, 1]): 
Initialized by user-defined `init_weights` in ResNet3dSlowOnly  

backbone.layer2.2.conv3.bn.weight - torch.Size([256]): 
Initialized by user-defined `init_weights` in ResNet3dSlowOnly  

backbone.layer2.2.conv3.bn.bias - torch.Size([256]): 
The value is the same before and after calling `init_weights` of Recognizer3D  

backbone.layer2.3.conv1.conv.weight - torch.Size([64, 256, 3, 1, 1]): 
Initialized by user-defined `init_weights` in ResNet3dSlowOnly  

backbone.layer2.3.conv1.bn.weight - torch.Size([64]): 
The value is the same before and after calling `init_weights` of Recognizer3D  

backbone.layer2.3.conv1.bn.bias - torch.Size([64]): 
The value is the same before and after calling `init_weights` of Recognizer3D  

backbone.layer2.3.conv2.conv.weight - torch.Size([64, 64, 1, 3, 3]): 
Initialized by user-defined `init_weights` in ResNet3dSlowOnly  

backbone.layer2.3.conv2.bn.weight - torch.Size([64]): 
The value is the same before and after calling `init_weights` of Recognizer3D  

backbone.layer2.3.conv2.bn.bias - torch.Size([64]): 
The value is the same before and after calling `init_weights` of Recognizer3D  

backbone.layer2.3.conv3.conv.weight - torch.Size([256, 64, 1, 1, 1]): 
Initialized by user-defined `init_weights` in ResNet3dSlowOnly  

backbone.layer2.3.conv3.bn.weight - torch.Size([256]): 
Initialized by user-defined `init_weights` in ResNet3dSlowOnly  

backbone.layer2.3.conv3.bn.bias - torch.Size([256]): 
The value is the same before and after calling `init_weights` of Recognizer3D  

backbone.layer2.4.conv1.conv.weight - torch.Size([64, 256, 3, 1, 1]): 
Initialized by user-defined `init_weights` in ResNet3dSlowOnly  

backbone.layer2.4.conv1.bn.weight - torch.Size([64]): 
The value is the same before and after calling `init_weights` of Recognizer3D  

backbone.layer2.4.conv1.bn.bias - torch.Size([64]): 
The value is the same before and after calling `init_weights` of Recognizer3D  

backbone.layer2.4.conv2.conv.weight - torch.Size([64, 64, 1, 3, 3]): 
Initialized by user-defined `init_weights` in ResNet3dSlowOnly  

backbone.layer2.4.conv2.bn.weight - torch.Size([64]): 
The value is the same before and after calling `init_weights` of Recognizer3D  

backbone.layer2.4.conv2.bn.bias - torch.Size([64]): 
The value is the same before and after calling `init_weights` of Recognizer3D  

backbone.layer2.4.conv3.conv.weight - torch.Size([256, 64, 1, 1, 1]): 
Initialized by user-defined `init_weights` in ResNet3dSlowOnly  

backbone.layer2.4.conv3.bn.weight - torch.Size([256]): 
Initialized by user-defined `init_weights` in ResNet3dSlowOnly  

backbone.layer2.4.conv3.bn.bias - torch.Size([256]): 
The value is the same before and after calling `init_weights` of Recognizer3D  

backbone.layer2.5.conv1.conv.weight - torch.Size([64, 256, 3, 1, 1]): 
Initialized by user-defined `init_weights` in ResNet3dSlowOnly  

backbone.layer2.5.conv1.bn.weight - torch.Size([64]): 
The value is the same before and after calling `init_weights` of Recognizer3D  

backbone.layer2.5.conv1.bn.bias - torch.Size([64]): 
The value is the same before and after calling `init_weights` of Recognizer3D  

backbone.layer2.5.conv2.conv.weight - torch.Size([64, 64, 1, 3, 3]): 
Initialized by user-defined `init_weights` in ResNet3dSlowOnly  

backbone.layer2.5.conv2.bn.weight - torch.Size([64]): 
The value is the same before and after calling `init_weights` of Recognizer3D  

backbone.layer2.5.conv2.bn.bias - torch.Size([64]): 
The value is the same before and after calling `init_weights` of Recognizer3D  

backbone.layer2.5.conv3.conv.weight - torch.Size([256, 64, 1, 1, 1]): 
Initialized by user-defined `init_weights` in ResNet3dSlowOnly  

backbone.layer2.5.conv3.bn.weight - torch.Size([256]): 
Initialized by user-defined `init_weights` in ResNet3dSlowOnly  

backbone.layer2.5.conv3.bn.bias - torch.Size([256]): 
The value is the same before and after calling `init_weights` of Recognizer3D  

backbone.layer3.0.conv1.conv.weight - torch.Size([128, 256, 3, 1, 1]): 
Initialized by user-defined `init_weights` in ResNet3dSlowOnly  

backbone.layer3.0.conv1.bn.weight - torch.Size([128]): 
The value is the same before and after calling `init_weights` of Recognizer3D  

backbone.layer3.0.conv1.bn.bias - torch.Size([128]): 
The value is the same before and after calling `init_weights` of Recognizer3D  

backbone.layer3.0.conv2.conv.weight - torch.Size([128, 128, 1, 3, 3]): 
Initialized by user-defined `init_weights` in ResNet3dSlowOnly  

backbone.layer3.0.conv2.bn.weight - torch.Size([128]): 
The value is the same before and after calling `init_weights` of Recognizer3D  

backbone.layer3.0.conv2.bn.bias - torch.Size([128]): 
The value is the same before and after calling `init_weights` of Recognizer3D  

backbone.layer3.0.conv3.conv.weight - torch.Size([512, 128, 1, 1, 1]): 
Initialized by user-defined `init_weights` in ResNet3dSlowOnly  

backbone.layer3.0.conv3.bn.weight - torch.Size([512]): 
Initialized by user-defined `init_weights` in ResNet3dSlowOnly  

backbone.layer3.0.conv3.bn.bias - torch.Size([512]): 
The value is the same before and after calling `init_weights` of Recognizer3D  

backbone.layer3.0.downsample.conv.weight - torch.Size([512, 256, 1, 1, 1]): 
Initialized by user-defined `init_weights` in ResNet3dSlowOnly  

backbone.layer3.0.downsample.bn.weight - torch.Size([512]): 
The value is the same before and after calling `init_weights` of Recognizer3D  

backbone.layer3.0.downsample.bn.bias - torch.Size([512]): 
The value is the same before and after calling `init_weights` of Recognizer3D  

backbone.layer3.1.conv1.conv.weight - torch.Size([128, 512, 3, 1, 1]): 
Initialized by user-defined `init_weights` in ResNet3dSlowOnly  

backbone.layer3.1.conv1.bn.weight - torch.Size([128]): 
The value is the same before and after calling `init_weights` of Recognizer3D  

backbone.layer3.1.conv1.bn.bias - torch.Size([128]): 
The value is the same before and after calling `init_weights` of Recognizer3D  

backbone.layer3.1.conv2.conv.weight - torch.Size([128, 128, 1, 3, 3]): 
Initialized by user-defined `init_weights` in ResNet3dSlowOnly  

backbone.layer3.1.conv2.bn.weight - torch.Size([128]): 
The value is the same before and after calling `init_weights` of Recognizer3D  

backbone.layer3.1.conv2.bn.bias - torch.Size([128]): 
The value is the same before and after calling `init_weights` of Recognizer3D  

backbone.layer3.1.conv3.conv.weight - torch.Size([512, 128, 1, 1, 1]): 
Initialized by user-defined `init_weights` in ResNet3dSlowOnly  

backbone.layer3.1.conv3.bn.weight - torch.Size([512]): 
Initialized by user-defined `init_weights` in ResNet3dSlowOnly  

backbone.layer3.1.conv3.bn.bias - torch.Size([512]): 
The value is the same before and after calling `init_weights` of Recognizer3D  

backbone.layer3.2.conv1.conv.weight - torch.Size([128, 512, 3, 1, 1]): 
Initialized by user-defined `init_weights` in ResNet3dSlowOnly  

backbone.layer3.2.conv1.bn.weight - torch.Size([128]): 
The value is the same before and after calling `init_weights` of Recognizer3D  

backbone.layer3.2.conv1.bn.bias - torch.Size([128]): 
The value is the same before and after calling `init_weights` of Recognizer3D  

backbone.layer3.2.conv2.conv.weight - torch.Size([128, 128, 1, 3, 3]): 
Initialized by user-defined `init_weights` in ResNet3dSlowOnly  

backbone.layer3.2.conv2.bn.weight - torch.Size([128]): 
The value is the same before and after calling `init_weights` of Recognizer3D  

backbone.layer3.2.conv2.bn.bias - torch.Size([128]): 
The value is the same before and after calling `init_weights` of Recognizer3D  

backbone.layer3.2.conv3.conv.weight - torch.Size([512, 128, 1, 1, 1]): 
Initialized by user-defined `init_weights` in ResNet3dSlowOnly  

backbone.layer3.2.conv3.bn.weight - torch.Size([512]): 
Initialized by user-defined `init_weights` in ResNet3dSlowOnly  

backbone.layer3.2.conv3.bn.bias - torch.Size([512]): 
The value is the same before and after calling `init_weights` of Recognizer3D  

cls_head.fc_cls.weight - torch.Size([7, 512]): 
Initialized by user-defined `init_weights` in I3DHead  

cls_head.fc_cls.bias - torch.Size([7]): 
Initialized by user-defined `init_weights` in I3DHead  
2026/10/07 06:47:56 - mmengine - INFO - Load checkpoint from https://download.openmmlab.com/mmaction/v1.0/skeleton/posec3d/slowonly_r50_8xb16-u48-240e_gym-limb/slowonly_r50_8xb16-u48-240e_gym-limb_20220815-2e6e3c5c.pth
2026/10/07 06:47:56 - mmengine - WARNING - "FileClient" will be deprecated in future. Please use io functions in https://mmengine.readthedocs.io/en/latest/api/fileio.html#file-io
2026/10/07 06:47:56 - mmengine - WARNING - "HardDiskBackend" is the alias of "LocalBackend" and the former will be deprecated in future.
2026/10/07 06:47:56 - mmengine - INFO - Checkpoints will be saved to /kaggle/working/work_dirs/posec3d_v7_dedup.
2026/10/07 06:48:25 - mmengine - INFO - Epoch(train)  [1][ 20/198]  lr: 1.0000e-02  eta: 1:24:33  time: 1.1543  data_time: 0.1392  memory: 9526  grad_norm: 4.6329  loss: 1.6507  top1_acc: 0.1875  top5_acc: 0.8750  loss_cls: 1.6507
2026/10/07 06:48:48 - mmengine - INFO - Epoch(train)  [1][ 40/198]  lr: 1.0000e-02  eta: 1:16:37  time: 1.2029  data_time: 0.1530  memory: 9526  grad_norm: 6.5819  loss: 1.3006  top1_acc: 0.4375  top5_acc: 1.0000  loss_cls: 1.3006
2026/10/07 06:49:12 - mmengine - INFO - Epoch(train)  [1][ 60/198]  lr: 1.0000e-02  eta: 1:14:03  time: 1.2290  data_time: 0.1278  memory: 9526  grad_norm: 8.3446  loss: 1.5302  top1_acc: 0.5625  top5_acc: 1.0000  loss_cls: 1.5302
2026/10/07 06:49:36 - mmengine - INFO - Epoch(train)  [1][ 80/198]  lr: 1.0000e-02  eta: 1:12:51  time: 1.2209  data_time: 0.0625  memory: 9526  grad_norm: 6.3669  loss: 1.6079  top1_acc: 0.4375  top5_acc: 0.8750  loss_cls: 1.6079
2026/10/07 06:50:00 - mmengine - INFO - Epoch(train)  [1][100/198]  lr: 1.0000e-02  eta: 1:11:49  time: 1.1827  data_time: 0.0767  memory: 9526  grad_norm: 5.2657  loss: 1.4911  top1_acc: 0.3750  top5_acc: 1.0000  loss_cls: 1.4911
2026/10/07 06:50:24 - mmengine - INFO - Epoch(train)  [1][120/198]  lr: 1.0000e-02  eta: 1:10:58  time: 1.1707  data_time: 0.0632  memory: 9526  grad_norm: 4.8342  loss: 1.3275  top1_acc: 0.4375  top5_acc: 1.0000  loss_cls: 1.3275
2026/10/07 06:50:48 - mmengine - INFO - Epoch(train)  [1][140/198]  lr: 1.0000e-02  eta: 1:10:05  time: 1.1659  data_time: 0.0550  memory: 9526  grad_norm: 4.1267  loss: 1.1313  top1_acc: 0.7500  top5_acc: 0.9375  loss_cls: 1.1313
2026/10/07 06:51:12 - mmengine - INFO - Epoch(train)  [1][160/198]  lr: 1.0000e-02  eta: 1:09:34  time: 1.2372  data_time: 0.1141  memory: 9526  grad_norm: 5.2880  loss: 1.4030  top1_acc: 0.4375  top5_acc: 0.8750  loss_cls: 1.4030
2026/10/07 06:51:36 - mmengine - INFO - Epoch(train)  [1][180/198]  lr: 1.0000e-02  eta: 1:08:52  time: 1.1820  data_time: 0.0671  memory: 9526  grad_norm: 4.1341  loss: 1.3437  top1_acc: 0.5625  top5_acc: 0.9375  loss_cls: 1.3437
2026/10/07 06:51:56 - mmengine - INFO - Exp name: posec3d_biomechai_v7_dedup_20261007_064750
2026/10/07 06:52:24 - mmengine - INFO - Epoch(train)  [2][ 20/198]  lr: 1.0000e-02  eta: 1:08:41  time: 1.2110  data_time: 0.0948  memory: 9526  grad_norm: 4.7774  loss: 1.3424  top1_acc: 0.6875  top5_acc: 0.9375  loss_cls: 1.3424
2026/10/07 06:52:48 - mmengine - INFO - Epoch(train)  [2][ 40/198]  lr: 1.0000e-02  eta: 1:08:06  time: 1.2083  data_time: 0.0901  memory: 9526  grad_norm: 4.1271  loss: 1.4342  top1_acc: 0.6250  top5_acc: 0.9375  loss_cls: 1.4342
2026/10/07 06:53:13 - mmengine - INFO - Epoch(train)  [2][ 60/198]  lr: 1.0000e-02  eta: 1:07:37  time: 1.2040  data_time: 0.0915  memory: 9526  grad_norm: 4.2370  loss: 1.3171  top1_acc: 0.5000  top5_acc: 0.8750  loss_cls: 1.3171
2026/10/07 06:53:36 - mmengine - INFO - Epoch(train)  [2][ 80/198]  lr: 1.0000e-02  eta: 1:07:00  time: 1.1760  data_time: 0.0638  memory: 9526  grad_norm: 3.8776  loss: 1.4882  top1_acc: 0.5625  top5_acc: 1.0000  loss_cls: 1.4882
2026/10/07 06:54:00 - mmengine - INFO - Epoch(train)  [2][100/198]  lr: 1.0000e-02  eta: 1:06:32  time: 1.2030  data_time: 0.0900  memory: 9526  grad_norm: 4.2518  loss: 1.2839  top1_acc: 0.6875  top5_acc: 0.9375  loss_cls: 1.2839
2026/10/07 06:54:24 - mmengine - INFO - Epoch(train)  [2][120/198]  lr: 1.0000e-02  eta: 1:06:04  time: 1.2031  data_time: 0.0866  memory: 9526  grad_norm: 4.0474  loss: 1.3663  top1_acc: 0.5625  top5_acc: 0.9375  loss_cls: 1.3663
2026/10/07 06:54:48 - mmengine - INFO - Epoch(train)  [2][140/198]  lr: 1.0000e-02  eta: 1:05:33  time: 1.1813  data_time: 0.0643  memory: 9526  grad_norm: 3.2711  loss: 1.1482  top1_acc: 0.5000  top5_acc: 0.8125  loss_cls: 1.1482
2026/10/07 06:55:12 - mmengine - INFO - Epoch(train)  [2][160/198]  lr: 1.0000e-02  eta: 1:05:01  time: 1.1738  data_time: 0.0624  memory: 9526  grad_norm: 3.1302  loss: 1.0064  top1_acc: 0.5625  top5_acc: 0.8750  loss_cls: 1.0064
2026/10/07 06:55:37 - mmengine - INFO - Epoch(train)  [2][180/198]  lr: 1.0000e-02  eta: 1:04:42  time: 1.2257  data_time: 0.1124  memory: 9526  grad_norm: 4.3166  loss: 1.3558  top1_acc: 0.7500  top5_acc: 1.0000  loss_cls: 1.3558
2026/10/07 06:55:57 - mmengine - INFO - Exp name: posec3d_biomechai_v7_dedup_20261007_064750
2026/10/07 06:55:57 - mmengine - INFO - Saving checkpoint at 2 epochs
2026/10/07 06:55:57 - mmengine - WARNING - `save_param_scheduler` is True but `self.param_schedulers` is None, so skip saving parameter schedulers
2026/10/07 06:56:11 - mmengine - INFO - Epoch(val) [2][12/12]    acc/top1: 0.4635  acc/top5: 0.9115  acc/mean1: 0.4597  data_time: 0.7719  time: 1.1277
2026/10/07 06:56:11 - mmengine - INFO - The best checkpoint with 0.4635 acc/top1 at 2 epoch is saved to best_acc_top1_epoch_2.pth.
2026/10/07 06:56:38 - mmengine - INFO - Epoch(train)  [3][ 20/198]  lr: 1.0000e-02  eta: 1:04:05  time: 1.1884  data_time: 0.0530  memory: 9526  grad_norm: 3.3071  loss: 1.3935  top1_acc: 0.5000  top5_acc: 0.8750  loss_cls: 1.3935
2026/10/07 06:57:02 - mmengine - INFO - Epoch(train)  [3][ 40/198]  lr: 1.0000e-02  eta: 1:03:38  time: 1.1998  data_time: 0.0763  memory: 9526  grad_norm: 3.8634  loss: 1.1436  top1_acc: 0.6250  top5_acc: 1.0000  loss_cls: 1.1436
2026/10/07 06:57:26 - mmengine - INFO - Epoch(train)  [3][ 60/198]  lr: 1.0000e-02  eta: 1:03:09  time: 1.1929  data_time: 0.0830  memory: 9526  grad_norm: 3.9262  loss: 1.1302  top1_acc: 0.6875  top5_acc: 1.0000  loss_cls: 1.1302
2026/10/07 06:57:50 - mmengine - INFO - Epoch(train)  [3][ 80/198]  lr: 1.0000e-02  eta: 1:02:40  time: 1.1768  data_time: 0.0628  memory: 9526  grad_norm: 2.8759  loss: 1.0780  top1_acc: 0.3750  top5_acc: 0.7500  loss_cls: 1.0780
2026/10/07 06:58:14 - mmengine - INFO - Epoch(train)  [3][100/198]  lr: 1.0000e-02  eta: 1:02:12  time: 1.1883  data_time: 0.0743  memory: 9526  grad_norm: 3.2884  loss: 1.1896  top1_acc: 0.5000  top5_acc: 0.9375  loss_cls: 1.1896
2026/10/07 06:58:37 - mmengine - INFO - Epoch(train)  [3][120/198]  lr: 1.0000e-02  eta: 1:01:43  time: 1.1755  data_time: 0.0629  memory: 9526  grad_norm: 3.1859  loss: 1.1191  top1_acc: 0.6875  top5_acc: 0.9375  loss_cls: 1.1191
2026/10/07 06:59:01 - mmengine - INFO - Epoch(train)  [3][140/198]  lr: 1.0000e-02  eta: 1:01:18  time: 1.2148  data_time: 0.1041  memory: 9526  grad_norm: 3.3376  loss: 1.1639  top1_acc: 0.6250  top5_acc: 0.8125  loss_cls: 1.1639
2026/10/07 06:59:25 - mmengine - INFO - Epoch(train)  [3][160/198]  lr: 1.0000e-02  eta: 1:00:49  time: 1.1739  data_time: 0.0620  memory: 9526  grad_norm: 3.5485  loss: 1.2616  top1_acc: 0.5625  top5_acc: 1.0000  loss_cls: 1.2616
2026/10/07 06:59:49 - mmengine - INFO - Epoch(train)  [3][180/198]  lr: 1.0000e-02  eta: 1:00:22  time: 1.1935  data_time: 0.0832  memory: 9526  grad_norm: 2.7464  loss: 0.9471  top1_acc: 0.6875  top5_acc: 0.9375  loss_cls: 0.9471
2026/10/07 07:00:09 - mmengine - INFO - Exp name: posec3d_biomechai_v7_dedup_20261007_064750
2026/10/07 07:00:37 - mmengine - INFO - Epoch(train)  [4][ 20/198]  lr: 1.0000e-02  eta: 0:59:45  time: 1.1857  data_time: 0.0612  memory: 9526  grad_norm: 2.9703  loss: 1.1197  top1_acc: 0.5625  top5_acc: 0.8750  loss_cls: 1.1197
2026/10/07 07:01:00 - mmengine - INFO - Epoch(train)  [4][ 40/198]  lr: 1.0000e-02  eta: 0:59:17  time: 1.1712  data_time: 0.0518  memory: 9526  grad_norm: 2.6621  loss: 0.9756  top1_acc: 0.6250  top5_acc: 0.9375  loss_cls: 0.9756
2026/10/07 07:01:24 - mmengine - INFO - Epoch(train)  [4][ 60/198]  lr: 1.0000e-02  eta: 0:58:52  time: 1.2228  data_time: 0.1123  memory: 9526  grad_norm: 3.2420  loss: 1.1936  top1_acc: 0.5625  top5_acc: 0.9375  loss_cls: 1.1936
2026/10/07 07:01:49 - mmengine - INFO - Epoch(train)  [4][ 80/198]  lr: 1.0000e-02  eta: 0:58:29  time: 1.2055  data_time: 0.0955  memory: 9526  grad_norm: 3.0512  loss: 1.0236  top1_acc: 0.5625  top5_acc: 1.0000  loss_cls: 1.0236
2026/10/07 07:02:13 - mmengine - INFO - Epoch(train)  [4][100/198]  lr: 1.0000e-02  eta: 0:58:03  time: 1.1943  data_time: 0.0766  memory: 9526  grad_norm: 3.1612  loss: 1.1966  top1_acc: 0.5000  top5_acc: 0.8750  loss_cls: 1.1966
2026/10/07 07:02:37 - mmengine - INFO - Epoch(train)  [4][120/198]  lr: 1.0000e-02  eta: 0:57:38  time: 1.1807  data_time: 0.0593  memory: 9526  grad_norm: 2.7435  loss: 1.0294  top1_acc: 0.3750  top5_acc: 0.9375  loss_cls: 1.0294
2026/10/07 07:03:00 - mmengine - INFO - Epoch(train)  [4][140/198]  lr: 1.0000e-02  eta: 0:57:11  time: 1.1817  data_time: 0.0608  memory: 9526  grad_norm: 3.0513  loss: 1.0194  top1_acc: 0.4375  top5_acc: 1.0000  loss_cls: 1.0194
2026/10/07 07:03:24 - mmengine - INFO - Epoch(train)  [4][160/198]  lr: 1.0000e-02  eta: 0:56:46  time: 1.2265  data_time: 0.1095  memory: 9526  grad_norm: 2.6826  loss: 1.0116  top1_acc: 0.6250  top5_acc: 0.9375  loss_cls: 1.0116
2026/10/07 07:03:48 - mmengine - INFO - Epoch(train)  [4][180/198]  lr: 1.0000e-02  eta: 0:56:20  time: 1.1712  data_time: 0.0536  memory: 9526  grad_norm: 3.5231  loss: 1.1265  top1_acc: 0.8750  top5_acc: 1.0000  loss_cls: 1.1265
2026/10/07 07:04:09 - mmengine - INFO - Exp name: posec3d_biomechai_v7_dedup_20261007_064750
2026/10/07 07:04:09 - mmengine - INFO - Saving checkpoint at 4 epochs
2026/10/07 07:04:23 - mmengine - INFO - Epoch(val) [4][12/12]    acc/top1: 0.5625  acc/top5: 0.9583  acc/mean1: 0.5655  data_time: 0.7469  time: 1.1113
2026/10/07 07:04:23 - mmengine - INFO - The previous best checkpoint /kaggle/working/work_dirs/posec3d_v7_dedup/best_acc_top1_epoch_2.pth is removed
2026/10/07 07:04:23 - mmengine - INFO - The best checkpoint with 0.5625 acc/top1 at 4 epoch is saved to best_acc_top1_epoch_4.pth.
2026/10/07 07:04:51 - mmengine - INFO - Epoch(train)  [5][ 20/198]  lr: 1.0000e-02  eta: 0:55:41  time: 1.2167  data_time: 0.0723  memory: 9526  grad_norm: 2.8828  loss: 1.0767  top1_acc: 0.5625  top5_acc: 0.8750  loss_cls: 1.0767
2026/10/07 07:05:15 - mmengine - INFO - Epoch(train)  [5][ 40/198]  lr: 1.0000e-02  eta: 0:55:15  time: 1.1924  data_time: 0.0809  memory: 9526  grad_norm: 3.1681  loss: 1.1793  top1_acc: 0.7500  top5_acc: 1.0000  loss_cls: 1.1793
2026/10/07 07:05:39 - mmengine - INFO - Epoch(train)  [5][ 60/198]  lr: 1.0000e-02  eta: 0:54:49  time: 1.1900  data_time: 0.0798  memory: 9526  grad_norm: 2.8454  loss: 1.0495  top1_acc: 0.6875  top5_acc: 1.0000  loss_cls: 1.0495
2026/10/07 07:06:02 - mmengine - INFO - Epoch(train)  [5][ 80/198]  lr: 1.0000e-02  eta: 0:54:22  time: 1.1971  data_time: 0.0834  memory: 9526  grad_norm: 3.3125  loss: 1.0090  top1_acc: 0.5000  top5_acc: 0.9375  loss_cls: 1.0090
2026/10/07 07:06:27 - mmengine - INFO - Epoch(train)  [5][100/198]  lr: 1.0000e-02  eta: 0:53:58  time: 1.1777  data_time: 0.0577  memory: 9526  grad_norm: 2.9075  loss: 1.0607  top1_acc: 0.6875  top5_acc: 0.9375  loss_cls: 1.0607
2026/10/07 07:06:50 - mmengine - INFO - Epoch(train)  [5][120/198]  lr: 1.0000e-02  eta: 0:53:32  time: 1.1742  data_time: 0.0580  memory: 9526  grad_norm: 2.7713  loss: 1.0125  top1_acc: 0.6875  top5_acc: 0.8750  loss_cls: 1.0125
2026/10/07 07:07:14 - mmengine - INFO - Epoch(train)  [5][140/198]  lr: 1.0000e-02  eta: 0:53:08  time: 1.2166  data_time: 0.0982  memory: 9526  grad_norm: 2.6912  loss: 1.0203  top1_acc: 0.6250  top5_acc: 0.9375  loss_cls: 1.0203
2026/10/07 07:07:38 - mmengine - INFO - Epoch(train)  [5][160/198]  lr: 1.0000e-02  eta: 0:52:42  time: 1.1710  data_time: 0.0569  memory: 9526  grad_norm: 3.4130  loss: 1.2541  top1_acc: 0.5000  top5_acc: 1.0000  loss_cls: 1.2541
2026/10/07 07:08:02 - mmengine - INFO - Epoch(train)  [5][180/198]  lr: 1.0000e-02  eta: 0:52:17  time: 1.2014  data_time: 0.0883  memory: 9526  grad_norm: 3.1665  loss: 1.0419  top1_acc: 0.5625  top5_acc: 1.0000  loss_cls: 1.0419
2026/10/07 07:08:23 - mmengine - INFO - Exp name: posec3d_biomechai_v7_dedup_20261007_064750
2026/10/07 07:08:38 - mmengine - INFO - Exp name: posec3d_biomechai_v7_dedup_20261007_064750
2026/10/07 07:08:50 - mmengine - INFO - Epoch(train)  [6][ 20/198]  lr: 1.0000e-02  eta: 0:51:36  time: 1.1876  data_time: 0.0642  memory: 9526  grad_norm: 2.7807  loss: 0.9792  top1_acc: 0.8125  top5_acc: 0.9375  loss_cls: 0.9792
2026/10/07 07:09:15 - mmengine - INFO - Epoch(train)  [6][ 40/198]  lr: 1.0000e-02  eta: 0:51:13  time: 1.1872  data_time: 0.0674  memory: 9526  grad_norm: 3.2707  loss: 1.0665  top1_acc: 0.5000  top5_acc: 0.9375  loss_cls: 1.0665
2026/10/07 07:09:39 - mmengine - INFO - Epoch(train)  [6][ 60/198]  lr: 1.0000e-02  eta: 0:50:49  time: 1.1950  data_time: 0.0806  memory: 9526  grad_norm: 2.7669  loss: 0.9978  top1_acc: 0.7500  top5_acc: 1.0000  loss_cls: 0.9978
2026/10/07 07:10:03 - mmengine - INFO - Epoch(train)  [6][ 80/198]  lr: 1.0000e-02  eta: 0:50:23  time: 1.1777  data_time: 0.0562  memory: 9526  grad_norm: 3.1531  loss: 0.9369  top1_acc: 0.6250  top5_acc: 0.8750  loss_cls: 0.9369
2026/10/07 07:10:27 - mmengine - INFO - Epoch(train)  [6][100/198]  lr: 1.0000e-02  eta: 0:49:59  time: 1.2206  data_time: 0.1062  memory: 9526  grad_norm: 3.5094  loss: 1.0169  top1_acc: 0.5000  top5_acc: 0.7500  loss_cls: 1.0169
2026/10/07 07:10:51 - mmengine - INFO - Epoch(train)  [6][120/198]  lr: 1.0000e-02  eta: 0:49:35  time: 1.2034  data_time: 0.0799  memory: 9526  grad_norm: 3.1145  loss: 0.9972  top1_acc: 0.5625  top5_acc: 1.0000  loss_cls: 0.9972
2026/10/07 07:11:16 - mmengine - INFO - Epoch(train)  [6][140/198]  lr: 1.0000e-02  eta: 0:49:11  time: 1.2459  data_time: 0.1260  memory: 9526  grad_norm: 2.7619  loss: 1.0311  top1_acc: 0.6250  top5_acc: 0.9375  loss_cls: 1.0311
2026/10/07 07:11:40 - mmengine - INFO - Epoch(train)  [6][160/198]  lr: 1.0000e-02  eta: 0:48:46  time: 1.2092  data_time: 0.0913  memory: 9526  grad_norm: 2.7186  loss: 1.0853  top1_acc: 0.7500  top5_acc: 1.0000  loss_cls: 1.0853
2026/10/07 07:12:04 - mmengine - INFO - Epoch(train)  [6][180/198]  lr: 1.0000e-02  eta: 0:48:21  time: 1.1797  data_time: 0.0603  memory: 9526  grad_norm: 2.8118  loss: 1.0814  top1_acc: 0.6875  top5_acc: 1.0000  loss_cls: 1.0814
2026/10/07 07:12:25 - mmengine - INFO - Exp name: posec3d_biomechai_v7_dedup_20261007_064750
2026/10/07 07:12:25 - mmengine - INFO - Saving checkpoint at 6 epochs
2026/10/07 07:12:39 - mmengine - INFO - Epoch(val) [6][12/12]    acc/top1: 0.6250  acc/top5: 0.9583  acc/mean1: 0.6103  data_time: 0.7505  time: 1.1119
2026/10/07 07:12:39 - mmengine - INFO - The previous best checkpoint /kaggle/working/work_dirs/posec3d_v7_dedup/best_acc_top1_epoch_4.pth is removed
2026/10/07 07:12:39 - mmengine - INFO - The best checkpoint with 0.6250 acc/top1 at 6 epoch is saved to best_acc_top1_epoch_6.pth.
2026/10/07 07:13:08 - mmengine - INFO - Epoch(train)  [7][ 20/198]  lr: 1.0000e-02  eta: 0:47:42  time: 1.1967  data_time: 0.0604  memory: 9526  grad_norm: 2.8312  loss: 0.9568  top1_acc: 0.6875  top5_acc: 0.9375  loss_cls: 0.9568
2026/10/07 07:13:32 - mmengine - INFO - Epoch(train)  [7][ 40/198]  lr: 1.0000e-02  eta: 0:47:17  time: 1.1795  data_time: 0.0561  memory: 9526  grad_norm: 2.6325  loss: 1.0768  top1_acc: 0.6250  top5_acc: 1.0000  loss_cls: 1.0768
2026/10/07 07:13:55 - mmengine - INFO - Epoch(train)  [7][ 60/198]  lr: 1.0000e-02  eta: 0:46:51  time: 1.1839  data_time: 0.0783  memory: 9526  grad_norm: 2.3309  loss: 0.9220  top1_acc: 0.7500  top5_acc: 1.0000  loss_cls: 0.9220
2026/10/07 07:14:19 - mmengine - INFO - Epoch(train)  [7][ 80/198]  lr: 1.0000e-02  eta: 0:46:26  time: 1.1674  data_time: 0.0543  memory: 9526  grad_norm: 3.5484  loss: 1.1020  top1_acc: 0.5625  top5_acc: 0.8750  loss_cls: 1.1020
2026/10/07 07:14:43 - mmengine - INFO - Epoch(train)  [7][100/198]  lr: 1.0000e-02  eta: 0:46:01  time: 1.1747  data_time: 0.0535  memory: 9526  grad_norm: 2.9022  loss: 1.0529  top1_acc: 0.6875  top5_acc: 1.0000  loss_cls: 1.0529
2026/10/07 07:15:06 - mmengine - INFO - Epoch(train)  [7][120/198]  lr: 1.0000e-02  eta: 0:45:35  time: 1.1773  data_time: 0.0606  memory: 9526  grad_norm: 3.4601  loss: 0.9803  top1_acc: 0.5625  top5_acc: 0.9375  loss_cls: 0.9803
2026/10/07 07:15:30 - mmengine - INFO - Epoch(train)  [7][140/198]  lr: 1.0000e-02  eta: 0:45:11  time: 1.2224  data_time: 0.1114  memory: 9526  grad_norm: 3.1379  loss: 1.0799  top1_acc: 0.6875  top5_acc: 0.9375  loss_cls: 1.0799
2026/10/07 07:15:55 - mmengine - INFO - Epoch(train)  [7][160/198]  lr: 1.0000e-02  eta: 0:44:46  time: 1.1809  data_time: 0.0683  memory: 9526  grad_norm: 3.0410  loss: 0.9501  top1_acc: 0.6250  top5_acc: 1.0000  loss_cls: 0.9501
2026/10/07 07:16:18 - mmengine - INFO - Epoch(train)  [7][180/198]  lr: 1.0000e-02  eta: 0:44:21  time: 1.1714  data_time: 0.0536  memory: 9526  grad_norm: 2.4926  loss: 0.9307  top1_acc: 0.8125  top5_acc: 1.0000  loss_cls: 0.9307
2026/10/07 07:16:39 - mmengine - INFO - Exp name: posec3d_biomechai_v7_dedup_20261007_064750
2026/10/07 07:17:06 - mmengine - INFO - Epoch(train)  [8][ 20/198]  lr: 1.0000e-02  eta: 0:43:38  time: 1.1655  data_time: 0.0509  memory: 9526  grad_norm: 2.9573  loss: 0.9469  top1_acc: 0.6875  top5_acc: 1.0000  loss_cls: 0.9469
2026/10/07 07:17:30 - mmengine - INFO - Epoch(train)  [8][ 40/198]  lr: 1.0000e-02  eta: 0:43:13  time: 1.1751  data_time: 0.0575  memory: 9526  grad_norm: 3.3128  loss: 1.0241  top1_acc: 0.6250  top5_acc: 0.9375  loss_cls: 1.0241
2026/10/07 07:17:54 - mmengine - INFO - Epoch(train)  [8][ 60/198]  lr: 1.0000e-02  eta: 0:42:48  time: 1.1963  data_time: 0.0800  memory: 9526  grad_norm: 3.0674  loss: 1.0051  top1_acc: 0.7500  top5_acc: 0.9375  loss_cls: 1.0051
2026/10/07 07:18:17 - mmengine - INFO - Epoch(train)  [8][ 80/198]  lr: 1.0000e-02  eta: 0:42:22  time: 1.1666  data_time: 0.0518  memory: 9526  grad_norm: 3.4680  loss: 1.1684  top1_acc: 0.5000  top5_acc: 1.0000  loss_cls: 1.1684
2026/10/07 07:18:41 - mmengine - INFO - Epoch(train)  [8][100/198]  lr: 1.0000e-02  eta: 0:41:57  time: 1.2075  data_time: 0.0939  memory: 9526  grad_norm: 2.5702  loss: 0.9254  top1_acc: 0.7500  top5_acc: 1.0000  loss_cls: 0.9254
2026/10/07 07:19:05 - mmengine - INFO - Epoch(train)  [8][120/198]  lr: 1.0000e-02  eta: 0:41:33  time: 1.1924  data_time: 0.0758  memory: 9526  grad_norm: 3.6300  loss: 1.1116  top1_acc: 0.6250  top5_acc: 0.9375  loss_cls: 1.1116
2026/10/07 07:19:28 - mmengine - INFO - Epoch(train)  [8][140/198]  lr: 1.0000e-02  eta: 0:41:08  time: 1.1768  data_time: 0.0573  memory: 9526  grad_norm: 2.7308  loss: 0.8544  top1_acc: 0.6250  top5_acc: 1.0000  loss_cls: 0.8544
2026/10/07 07:19:52 - mmengine - INFO - Epoch(train)  [8][160/198]  lr: 1.0000e-02  eta: 0:40:43  time: 1.1922  data_time: 0.0732  memory: 9526  grad_norm: 2.8576  loss: 0.9241  top1_acc: 0.8750  top5_acc: 0.9375  loss_cls: 0.9241
2026/10/07 07:20:16 - mmengine - INFO - Epoch(train)  [8][180/198]  lr: 1.0000e-02  eta: 0:40:18  time: 1.1680  data_time: 0.0509  memory: 9526  grad_norm: 3.3919  loss: 1.1263  top1_acc: 0.5000  top5_acc: 0.8750  loss_cls: 1.1263
2026/10/07 07:20:36 - mmengine - INFO - Exp name: posec3d_biomechai_v7_dedup_20261007_064750
2026/10/07 07:20:36 - mmengine - INFO - Saving checkpoint at 8 epochs
2026/10/07 07:20:51 - mmengine - INFO - Epoch(val) [8][12/12]    acc/top1: 0.6146  acc/top5: 0.9583  acc/mean1: 0.6236  data_time: 0.7405  time: 1.1008
2026/10/07 07:21:19 - mmengine - INFO - Epoch(train)  [9][ 20/198]  lr: 1.0000e-02  eta: 0:39:35  time: 1.1941  data_time: 0.0579  memory: 9526  grad_norm: 2.5803  loss: 0.9372  top1_acc: 0.6875  top5_acc: 0.9375  loss_cls: 0.9372
2026/10/07 07:21:43 - mmengine - INFO - Epoch(train)  [9][ 40/198]  lr: 1.0000e-02  eta: 0:39:11  time: 1.2108  data_time: 0.0865  memory: 9526  grad_norm: 3.3904  loss: 1.0318  top1_acc: 0.6250  top5_acc: 1.0000  loss_cls: 1.0318
2026/10/07 07:22:07 - mmengine - INFO - Epoch(train)  [9][ 60/198]  lr: 1.0000e-02  eta: 0:38:46  time: 1.1668  data_time: 0.0582  memory: 9526  grad_norm: 3.1456  loss: 0.9499  top1_acc: 0.5625  top5_acc: 1.0000  loss_cls: 0.9499
2026/10/07 07:22:30 - mmengine - INFO - Epoch(train)  [9][ 80/198]  lr: 1.0000e-02  eta: 0:38:22  time: 1.2242  data_time: 0.1114  memory: 9526  grad_norm: 3.0118  loss: 1.1890  top1_acc: 0.6875  top5_acc: 0.9375  loss_cls: 1.1890
2026/10/07 07:22:55 - mmengine - INFO - Epoch(train)  [9][100/198]  lr: 1.0000e-02  eta: 0:37:57  time: 1.2423  data_time: 0.1249  memory: 9526  grad_norm: 2.8143  loss: 1.1451  top1_acc: 0.7500  top5_acc: 1.0000  loss_cls: 1.1451
2026/10/07 07:23:20 - mmengine - INFO - Epoch(train)  [9][120/198]  lr: 1.0000e-02  eta: 0:37:34  time: 1.2707  data_time: 0.1474  memory: 9526  grad_norm: 2.6156  loss: 0.9973  top1_acc: 0.8125  top5_acc: 0.8750  loss_cls: 0.9973
2026/10/07 07:23:45 - mmengine - INFO - Epoch(train)  [9][140/198]  lr: 1.0000e-02  eta: 0:37:11  time: 1.1994  data_time: 0.0773  memory: 9526  grad_norm: 2.3613  loss: 0.9020  top1_acc: 0.6250  top5_acc: 1.0000  loss_cls: 0.9020
2026/10/07 07:24:10 - mmengine - INFO - Epoch(train)  [9][160/198]  lr: 1.0000e-02  eta: 0:36:47  time: 1.2478  data_time: 0.1244  memory: 9526  grad_norm: 2.5239  loss: 0.8643  top1_acc: 0.8125  top5_acc: 1.0000  loss_cls: 0.8643
2026/10/07 07:24:35 - mmengine - INFO - Epoch(train)  [9][180/198]  lr: 1.0000e-02  eta: 0:36:24  time: 1.2888  data_time: 0.1724  memory: 9526  grad_norm: 2.9685  loss: 1.1003  top1_acc: 0.6875  top5_acc: 0.8750  loss_cls: 1.1003
2026/10/07 07:24:56 - mmengine - INFO - Exp name: posec3d_biomechai_v7_dedup_20261007_064750
2026/10/07 07:25:25 - mmengine - INFO - Epoch(train) [10][ 20/198]  lr: 1.0000e-02  eta: 0:35:42  time: 1.2246  data_time: 0.1068  memory: 9526  grad_norm: 2.3622  loss: 0.9139  top1_acc: 0.6875  top5_acc: 1.0000  loss_cls: 0.9139
2026/10/07 07:25:50 - mmengine - INFO - Epoch(train) [10][ 40/198]  lr: 1.0000e-02  eta: 0:35:18  time: 1.2377  data_time: 0.1120  memory: 9526  grad_norm: 2.6579  loss: 0.8906  top1_acc: 0.6875  top5_acc: 1.0000  loss_cls: 0.8906
2026/10/07 07:26:15 - mmengine - INFO - Epoch(train) [10][ 60/198]  lr: 1.0000e-02  eta: 0:34:54  time: 1.2307  data_time: 0.1167  memory: 9526  grad_norm: 3.0031  loss: 0.9033  top1_acc: 0.7500  top5_acc: 1.0000  loss_cls: 0.9033
2026/10/07 07:26:39 - mmengine - INFO - Epoch(train) [10][ 80/198]  lr: 1.0000e-02  eta: 0:34:30  time: 1.2792  data_time: 0.1641  memory: 9526  grad_norm: 2.5816  loss: 0.8187  top1_acc: 0.7500  top5_acc: 0.8750  loss_cls: 0.8187
2026/10/07 07:27:04 - mmengine - INFO - Epoch(train) [10][100/198]  lr: 1.0000e-02  eta: 0:34:05  time: 1.2391  data_time: 0.1224  memory: 9526  grad_norm: 3.3381  loss: 1.0559  top1_acc: 0.8750  top5_acc: 1.0000  loss_cls: 1.0559
2026/10/07 07:27:28 - mmengine - INFO - Epoch(train) [10][120/198]  lr: 1.0000e-02  eta: 0:33:41  time: 1.2224  data_time: 0.0983  memory: 9526  grad_norm: 2.8746  loss: 0.9663  top1_acc: 0.6875  top5_acc: 0.9375  loss_cls: 0.9663
2026/10/07 07:27:53 - mmengine - INFO - Epoch(train) [10][140/198]  lr: 1.0000e-02  eta: 0:33:18  time: 1.3061  data_time: 0.1922  memory: 9526  grad_norm: 3.4086  loss: 1.0267  top1_acc: 0.5625  top5_acc: 0.9375  loss_cls: 1.0267
2026/10/07 07:28:20 - mmengine - INFO - Epoch(train) [10][160/198]  lr: 1.0000e-02  eta: 0:32:55  time: 1.2845  data_time: 0.1715  memory: 9526  grad_norm: 3.0177  loss: 0.9932  top1_acc: 0.6875  top5_acc: 0.8750  loss_cls: 0.9932
2026/10/07 07:28:44 - mmengine - INFO - Epoch(train) [10][180/198]  lr: 1.0000e-02  eta: 0:32:31  time: 1.2596  data_time: 0.1361  memory: 9526  grad_norm: 3.5938  loss: 1.0301  top1_acc: 0.4375  top5_acc: 1.0000  loss_cls: 1.0301
2026/10/07 07:29:08 - mmengine - INFO - Exp name: posec3d_biomechai_v7_dedup_20261007_064750
2026/10/07 07:29:08 - mmengine - INFO - Saving checkpoint at 10 epochs
2026/10/07 07:29:25 - mmengine - INFO - Epoch(val) [10][12/12]    acc/top1: 0.6354  acc/top5: 0.9479  acc/mean1: 0.6139  data_time: 0.9602  time: 1.3388
2026/10/07 07:29:25 - mmengine - INFO - The previous best checkpoint /kaggle/working/work_dirs/posec3d_v7_dedup/best_acc_top1_epoch_6.pth is removed
2026/10/07 07:29:25 - mmengine - INFO - The best checkpoint with 0.6354 acc/top1 at 10 epoch is saved to best_acc_top1_epoch_10.pth.
2026/10/07 07:29:56 - mmengine - INFO - Exp name: posec3d_biomechai_v7_dedup_20261007_064750
2026/10/07 07:29:56 - mmengine - INFO - Epoch(train) [11][ 20/198]  lr: 1.0000e-02  eta: 0:31:50  time: 1.3081  data_time: 0.1456  memory: 9526  grad_norm: 3.1296  loss: 0.9484  top1_acc: 0.8125  top5_acc: 1.0000  loss_cls: 0.9484
2026/10/07 07:30:24 - mmengine - INFO - Epoch(train) [11][ 40/198]  lr: 1.0000e-02  eta: 0:31:28  time: 1.3801  data_time: 0.2607  memory: 9526  grad_norm: 2.3620  loss: 0.9351  top1_acc: 0.9375  top5_acc: 0.9375  loss_cls: 0.9351
2026/10/07 07:30:51 - mmengine - INFO - Epoch(train) [11][ 60/198]  lr: 1.0000e-02  eta: 0:31:06  time: 1.3873  data_time: 0.2723  memory: 9526  grad_norm: 2.7543  loss: 0.8017  top1_acc: 0.6250  top5_acc: 0.9375  loss_cls: 0.8017
2026/10/07 07:31:19 - mmengine - INFO - Epoch(train) [11][ 80/198]  lr: 1.0000e-02  eta: 0:30:44  time: 1.3905  data_time: 0.2707  memory: 9526  grad_norm: 2.8278  loss: 1.0748  top1_acc: 0.5000  top5_acc: 1.0000  loss_cls: 1.0748
2026/10/07 07:31:46 - mmengine - INFO - Epoch(train) [11][100/198]  lr: 1.0000e-02  eta: 0:30:21  time: 1.3654  data_time: 0.2431  memory: 9526  grad_norm: 2.8118  loss: 0.9207  top1_acc: 0.6250  top5_acc: 1.0000  loss_cls: 0.9207
2026/10/07 07:32:13 - mmengine - INFO - Epoch(train) [11][120/198]  lr: 1.0000e-02  eta: 0:29:58  time: 1.2974  data_time: 0.1761  memory: 9526  grad_norm: 3.3310  loss: 0.9135  top1_acc: 0.7500  top5_acc: 1.0000  loss_cls: 0.9135
2026/10/07 07:32:41 - mmengine - INFO - Epoch(train) [11][140/198]  lr: 1.0000e-02  eta: 0:29:36  time: 1.4332  data_time: 0.3097  memory: 9526  grad_norm: 2.6103  loss: 0.8947  top1_acc: 0.5000  top5_acc: 1.0000  loss_cls: 0.8947
2026/10/07 07:33:08 - mmengine - INFO - Epoch(train) [11][160/198]  lr: 1.0000e-02  eta: 0:29:13  time: 1.3477  data_time: 0.2263  memory: 9526  grad_norm: 3.2958  loss: 1.0579  top1_acc: 0.8125  top5_acc: 1.0000  loss_cls: 1.0579
2026/10/07 07:33:35 - mmengine - INFO - Epoch(train) [11][180/198]  lr: 1.0000e-02  eta: 0:28:50  time: 1.3522  data_time: 0.2272  memory: 9526  grad_norm: 3.1718  loss: 1.0494  top1_acc: 0.6250  top5_acc: 0.8750  loss_cls: 1.0494
2026/10/07 07:33:58 - mmengine - INFO - Exp name: posec3d_biomechai_v7_dedup_20261007_064750
2026/10/07 07:34:30 - mmengine - INFO - Epoch(train) [12][ 20/198]  lr: 1.0000e-02  eta: 0:28:08  time: 1.3888  data_time: 0.2655  memory: 9526  grad_norm: 2.2509  loss: 0.8342  top1_acc: 0.7500  top5_acc: 0.9375  loss_cls: 0.8342
2026/10/07 07:34:58 - mmengine - INFO - Epoch(train) [12][ 40/198]  lr: 1.0000e-02  eta: 0:27:45  time: 1.3532  data_time: 0.2301  memory: 9526  grad_norm: 2.8365  loss: 0.9019  top1_acc: 0.8125  top5_acc: 1.0000  loss_cls: 0.9019
2026/10/07 07:35:25 - mmengine - INFO - Epoch(train) [12][ 60/198]  lr: 1.0000e-02  eta: 0:27:22  time: 1.3407  data_time: 0.2230  memory: 9526  grad_norm: 2.7409  loss: 0.8232  top1_acc: 0.8125  top5_acc: 1.0000  loss_cls: 0.8232
2026/10/07 07:35:52 - mmengine - INFO - Epoch(train) [12][ 80/198]  lr: 1.0000e-02  eta: 0:26:59  time: 1.3124  data_time: 0.1907  memory: 9526  grad_norm: 3.1132  loss: 0.9581  top1_acc: 0.7500  top5_acc: 1.0000  loss_cls: 0.9581
2026/10/07 07:36:20 - mmengine - INFO - Epoch(train) [12][100/198]  lr: 1.0000e-02  eta: 0:26:35  time: 1.3610  data_time: 0.2342  memory: 9526  grad_norm: 2.9577  loss: 0.9501  top1_acc: 0.6250  top5_acc: 0.9375  loss_cls: 0.9501
2026/10/07 07:36:48 - mmengine - INFO - Epoch(train) [12][120/198]  lr: 1.0000e-02  eta: 0:26:13  time: 1.4062  data_time: 0.2854  memory: 9526  grad_norm: 2.5431  loss: 0.9236  top1_acc: 0.6250  top5_acc: 0.9375  loss_cls: 0.9236
2026/10/07 07:37:15 - mmengine - INFO - Epoch(train) [12][140/198]  lr: 1.0000e-02  eta: 0:25:49  time: 1.3395  data_time: 0.2124  memory: 9526  grad_norm: 2.4327  loss: 0.7823  top1_acc: 0.7500  top5_acc: 0.9375  loss_cls: 0.7823
2026/10/07 07:37:43 - mmengine - INFO - Epoch(train) [12][160/198]  lr: 1.0000e-02  eta: 0:25:26  time: 1.4564  data_time: 0.3342  memory: 9526  grad_norm: 2.9194  loss: 1.0019  top1_acc: 0.6250  top5_acc: 0.9375  loss_cls: 1.0019
2026/10/07 07:38:10 - mmengine - INFO - Epoch(train) [12][180/198]  lr: 1.0000e-02  eta: 0:25:02  time: 1.3647  data_time: 0.2389  memory: 9526  grad_norm: 2.8405  loss: 0.9198  top1_acc: 0.6875  top5_acc: 1.0000  loss_cls: 0.9198
2026/10/07 07:38:34 - mmengine - INFO - Exp name: posec3d_biomechai_v7_dedup_20261007_064750
2026/10/07 07:38:34 - mmengine - INFO - Saving checkpoint at 12 epochs
2026/10/07 07:38:51 - mmengine - INFO - Epoch(val) [12][12/12]    acc/top1: 0.6146  acc/top5: 0.9375  acc/mean1: 0.6221  data_time: 0.9155  time: 1.2957
2026/10/07 07:39:22 - mmengine - INFO - Epoch(train) [13][ 20/198]  lr: 1.0000e-02  eta: 0:24:19  time: 1.3550  data_time: 0.2061  memory: 9526  grad_norm: 2.3724  loss: 0.7558  top1_acc: 0.6875  top5_acc: 0.9375  loss_cls: 0.7558
2026/10/07 07:39:49 - mmengine - INFO - Epoch(train) [13][ 40/198]  lr: 1.0000e-02  eta: 0:23:54  time: 1.3040  data_time: 0.1786  memory: 9526  grad_norm: 2.9420  loss: 0.9217  top1_acc: 0.6875  top5_acc: 1.0000  loss_cls: 0.9217
2026/10/07 07:40:16 - mmengine - INFO - Epoch(train) [13][ 60/198]  lr: 1.0000e-02  eta: 0:23:30  time: 1.4001  data_time: 0.2876  memory: 9526  grad_norm: 2.6624  loss: 0.9326  top1_acc: 0.5000  top5_acc: 0.9375  loss_cls: 0.9326
2026/10/07 07:40:43 - mmengine - INFO - Epoch(train) [13][ 80/198]  lr: 1.0000e-02  eta: 0:23:06  time: 1.3098  data_time: 0.1855  memory: 9526  grad_norm: 3.3433  loss: 1.0270  top1_acc: 0.7500  top5_acc: 0.9375  loss_cls: 1.0270
2026/10/07 07:41:13 - mmengine - INFO - Epoch(train) [13][100/198]  lr: 1.0000e-02  eta: 0:22:43  time: 1.5124  data_time: 0.3898  memory: 9526  grad_norm: 2.5469  loss: 0.7657  top1_acc: 0.6250  top5_acc: 1.0000  loss_cls: 0.7657
2026/10/07 07:41:39 - mmengine - INFO - Epoch(train) [13][120/198]  lr: 1.0000e-02  eta: 0:22:19  time: 1.3687  data_time: 0.2476  memory: 9526  grad_norm: 3.3203  loss: 1.1330  top1_acc: 0.6250  top5_acc: 1.0000  loss_cls: 1.1330
2026/10/07 07:42:06 - mmengine - INFO - Epoch(train) [13][140/198]  lr: 1.0000e-02  eta: 0:21:54  time: 1.2978  data_time: 0.1691  memory: 9526  grad_norm: 3.1009  loss: 0.8798  top1_acc: 0.6875  top5_acc: 0.9375  loss_cls: 0.8798
2026/10/07 07:42:33 - mmengine - INFO - Epoch(train) [13][160/198]  lr: 1.0000e-02  eta: 0:21:30  time: 1.4278  data_time: 0.3053  memory: 9526  grad_norm: 2.9791  loss: 0.9033  top1_acc: 0.6875  top5_acc: 0.8750  loss_cls: 0.9033
2026/10/07 07:43:00 - mmengine - INFO - Epoch(train) [13][180/198]  lr: 1.0000e-02  eta: 0:21:06  time: 1.3080  data_time: 0.1921  memory: 9526  grad_norm: 2.7859  loss: 0.8745  top1_acc: 0.7500  top5_acc: 0.9375  loss_cls: 0.8745
2026/10/07 07:43:24 - mmengine - INFO - Exp name: posec3d_biomechai_v7_dedup_20261007_064750
2026/10/07 07:43:55 - mmengine - INFO - Epoch(train) [14][ 20/198]  lr: 1.0000e-02  eta: 0:20:21  time: 1.2669  data_time: 0.1391  memory: 9526  grad_norm: 2.9256  loss: 0.9787  top1_acc: 0.7500  top5_acc: 0.8750  loss_cls: 0.9787
2026/10/07 07:44:21 - mmengine - INFO - Epoch(train) [14][ 40/198]  lr: 1.0000e-02  eta: 0:19:56  time: 1.2454  data_time: 0.1244  memory: 9526  grad_norm: 3.2149  loss: 0.9989  top1_acc: 0.5625  top5_acc: 0.8750  loss_cls: 0.9989
2026/10/07 07:44:50 - mmengine - INFO - Epoch(train) [14][ 60/198]  lr: 1.0000e-02  eta: 0:19:32  time: 1.4751  data_time: 0.3607  memory: 9526  grad_norm: 3.0969  loss: 1.0226  top1_acc: 0.4375  top5_acc: 0.9375  loss_cls: 1.0226
2026/10/07 07:45:18 - mmengine - INFO - Epoch(train) [14][ 80/198]  lr: 1.0000e-02  eta: 0:19:08  time: 1.3901  data_time: 0.2688  memory: 9526  grad_norm: 2.6950  loss: 0.8968  top1_acc: 0.6875  top5_acc: 1.0000  loss_cls: 0.8968
2026/10/07 07:45:46 - mmengine - INFO - Epoch(train) [14][100/198]  lr: 1.0000e-02  eta: 0:18:43  time: 1.3548  data_time: 0.2277  memory: 9526  grad_norm: 3.2630  loss: 0.8437  top1_acc: 0.7500  top5_acc: 1.0000  loss_cls: 0.8437
2026/10/07 07:46:13 - mmengine - INFO - Epoch(train) [14][120/198]  lr: 1.0000e-02  eta: 0:18:19  time: 1.3128  data_time: 0.1908  memory: 9526  grad_norm: 2.8521  loss: 0.9047  top1_acc: 0.8125  top5_acc: 1.0000  loss_cls: 0.9047
2026/10/07 07:46:40 - mmengine - INFO - Epoch(train) [14][140/198]  lr: 1.0000e-02  eta: 0:17:54  time: 1.3725  data_time: 0.2443  memory: 9526  grad_norm: 2.4980  loss: 0.7983  top1_acc: 0.7500  top5_acc: 0.9375  loss_cls: 0.7983
2026/10/07 07:47:09 - mmengine - INFO - Epoch(train) [14][160/198]  lr: 1.0000e-02  eta: 0:17:30  time: 1.4184  data_time: 0.2975  memory: 9526  grad_norm: 2.9443  loss: 0.7346  top1_acc: 0.6875  top5_acc: 1.0000  loss_cls: 0.7346
2026/10/07 07:47:37 - mmengine - INFO - Epoch(train) [14][180/198]  lr: 1.0000e-02  eta: 0:17:05  time: 1.3939  data_time: 0.2724  memory: 9526  grad_norm: 3.3087  loss: 0.9423  top1_acc: 0.5000  top5_acc: 0.8750  loss_cls: 0.9423
2026/10/07 07:47:59 - mmengine - INFO - Exp name: posec3d_biomechai_v7_dedup_20261007_064750
2026/10/07 07:47:59 - mmengine - INFO - Saving checkpoint at 14 epochs
2026/10/07 07:48:16 - mmengine - INFO - Epoch(val) [14][12/12]    acc/top1: 0.5729  acc/top5: 0.9375  acc/mean1: 0.5790  data_time: 0.9222  time: 1.3029
2026/10/07 07:48:48 - mmengine - INFO - Epoch(train) [15][ 20/198]  lr: 1.0000e-02  eta: 0:16:19  time: 1.3625  data_time: 0.2148  memory: 9526  grad_norm: 3.0989  loss: 0.9425  top1_acc: 0.6875  top5_acc: 1.0000  loss_cls: 0.9425
2026/10/07 07:49:15 - mmengine - INFO - Epoch(train) [15][ 40/198]  lr: 1.0000e-02  eta: 0:15:54  time: 1.3239  data_time: 0.2035  memory: 9526  grad_norm: 3.2548  loss: 0.8628  top1_acc: 0.6875  top5_acc: 1.0000  loss_cls: 0.8628
2026/10/07 07:49:42 - mmengine - INFO - Epoch(train) [15][ 60/198]  lr: 1.0000e-02  eta: 0:15:29  time: 1.4361  data_time: 0.3211  memory: 9526  grad_norm: 3.0587  loss: 0.9968  top1_acc: 0.6250  top5_acc: 0.8750  loss_cls: 0.9968
2026/10/07 07:50:09 - mmengine - INFO - Epoch(train) [15][ 80/198]  lr: 1.0000e-02  eta: 0:15:04  time: 1.3319  data_time: 0.2082  memory: 9526  grad_norm: 2.7680  loss: 0.8745  top1_acc: 0.7500  top5_acc: 1.0000  loss_cls: 0.8745
2026/10/07 07:50:35 - mmengine - INFO - Epoch(train) [15][100/198]  lr: 1.0000e-02  eta: 0:14:39  time: 1.3661  data_time: 0.2419  memory: 9526  grad_norm: 3.2924  loss: 0.8841  top1_acc: 0.5625  top5_acc: 0.9375  loss_cls: 0.8841
2026/10/07 07:51:02 - mmengine - INFO - Epoch(train) [15][120/198]  lr: 1.0000e-02  eta: 0:14:14  time: 1.3458  data_time: 0.2273  memory: 9526  grad_norm: 2.8444  loss: 0.8999  top1_acc: 0.6875  top5_acc: 1.0000  loss_cls: 0.8999
2026/10/07 07:51:29 - mmengine - INFO - Epoch(train) [15][140/198]  lr: 1.0000e-02  eta: 0:13:48  time: 1.3222  data_time: 0.1984  memory: 9526  grad_norm: 2.8309  loss: 0.8503  top1_acc: 0.7500  top5_acc: 1.0000  loss_cls: 0.8503
2026/10/07 07:51:56 - mmengine - INFO - Epoch(train) [15][160/198]  lr: 1.0000e-02  eta: 0:13:23  time: 1.3616  data_time: 0.2375  memory: 9526  grad_norm: 2.7977  loss: 0.8424  top1_acc: 0.5625  top5_acc: 0.8750  loss_cls: 0.8424
2026/10/07 07:52:24 - mmengine - INFO - Epoch(train) [15][180/198]  lr: 1.0000e-02  eta: 0:12:59  time: 1.3825  data_time: 0.2596  memory: 9526  grad_norm: 3.4274  loss: 0.9611  top1_acc: 0.8125  top5_acc: 1.0000  loss_cls: 0.9611
2026/10/07 07:52:48 - mmengine - INFO - Exp name: posec3d_biomechai_v7_dedup_20261007_064750
2026/10/07 07:53:20 - mmengine - INFO - Epoch(train) [16][ 20/198]  lr: 1.0000e-02  eta: 0:12:12  time: 1.3601  data_time: 0.2328  memory: 9526  grad_norm: 2.4590  loss: 0.7188  top1_acc: 0.8125  top5_acc: 1.0000  loss_cls: 0.7188
2026/10/07 07:53:33 - mmengine - INFO - Exp name: posec3d_biomechai_v7_dedup_20261007_064750
2026/10/07 07:53:47 - mmengine - INFO - Epoch(train) [16][ 40/198]  lr: 1.0000e-02  eta: 0:11:46  time: 1.3887  data_time: 0.2635  memory: 9526  grad_norm: 4.0064  loss: 0.9864  top1_acc: 0.8125  top5_acc: 0.9375  loss_cls: 0.9864
2026/10/07 07:54:16 - mmengine - INFO - Epoch(train) [16][ 60/198]  lr: 1.0000e-02  eta: 0:11:21  time: 1.4218  data_time: 0.3001  memory: 9526  grad_norm: 2.9940  loss: 0.9139  top1_acc: 0.5000  top5_acc: 0.9375  loss_cls: 0.9139
2026/10/07 07:54:43 - mmengine - INFO - Epoch(train) [16][ 80/198]  lr: 1.0000e-02  eta: 0:10:56  time: 1.3371  data_time: 0.2114  memory: 9526  grad_norm: 2.7369  loss: 0.7746  top1_acc: 0.8125  top5_acc: 0.9375  loss_cls: 0.7746
2026/10/07 07:55:10 - mmengine - INFO - Epoch(train) [16][100/198]  lr: 1.0000e-02  eta: 0:10:31  time: 1.3151  data_time: 0.1890  memory: 9526  grad_norm: 3.2561  loss: 0.9919  top1_acc: 0.7500  top5_acc: 1.0000  loss_cls: 0.9919
2026/10/07 07:55:37 - mmengine - INFO - Epoch(train) [16][120/198]  lr: 1.0000e-02  eta: 0:10:06  time: 1.3816  data_time: 0.2569  memory: 9526  grad_norm: 2.6112  loss: 0.8257  top1_acc: 0.9375  top5_acc: 0.9375  loss_cls: 0.8257
2026/10/07 07:56:05 - mmengine - INFO - Epoch(train) [16][140/198]  lr: 1.0000e-02  eta: 0:09:40  time: 1.3819  data_time: 0.2532  memory: 9526  grad_norm: 2.8743  loss: 0.7840  top1_acc: 0.7500  top5_acc: 0.8750  loss_cls: 0.7840
2026/10/07 07:56:31 - mmengine - INFO - Epoch(train) [16][160/198]  lr: 1.0000e-02  eta: 0:09:15  time: 1.2952  data_time: 0.1687  memory: 9526  grad_norm: 2.8461  loss: 0.9071  top1_acc: 0.6250  top5_acc: 1.0000  loss_cls: 0.9071
2026/10/07 07:56:59 - mmengine - INFO - Epoch(train) [16][180/198]  lr: 1.0000e-02  eta: 0:08:49  time: 1.3877  data_time: 0.2653  memory: 9526  grad_norm: 2.7532  loss: 0.8241  top1_acc: 0.5625  top5_acc: 0.9375  loss_cls: 0.8241
2026/10/07 07:57:22 - mmengine - INFO - Exp name: posec3d_biomechai_v7_dedup_20261007_064750
2026/10/07 07:57:22 - mmengine - INFO - Saving checkpoint at 16 epochs
2026/10/07 07:57:39 - mmengine - INFO - Epoch(val) [16][12/12]    acc/top1: 0.5000  acc/top5: 0.9115  acc/mean1: 0.5163  data_time: 0.9415  time: 1.3128
2026/10/07 07:58:10 - mmengine - INFO - Epoch(train) [17][ 20/198]  lr: 1.0000e-02  eta: 0:08:02  time: 1.3558  data_time: 0.1985  memory: 9526  grad_norm: 2.9421  loss: 0.9211  top1_acc: 0.5625  top5_acc: 1.0000  loss_cls: 0.9211
2026/10/07 07:58:38 - mmengine - INFO - Epoch(train) [17][ 40/198]  lr: 1.0000e-02  eta: 0:07:36  time: 1.3752  data_time: 0.2511  memory: 9526  grad_norm: 2.9984  loss: 0.8872  top1_acc: 0.6875  top5_acc: 1.0000  loss_cls: 0.8872
2026/10/07 07:59:05 - mmengine - INFO - Epoch(train) [17][ 60/198]  lr: 1.0000e-02  eta: 0:07:11  time: 1.3687  data_time: 0.2494  memory: 9526  grad_norm: 2.5913  loss: 0.7711  top1_acc: 0.8750  top5_acc: 1.0000  loss_cls: 0.7711
2026/10/07 07:59:33 - mmengine - INFO - Epoch(train) [17][ 80/198]  lr: 1.0000e-02  eta: 0:06:45  time: 1.4236  data_time: 0.2958  memory: 9526  grad_norm: 2.4616  loss: 0.6643  top1_acc: 0.8750  top5_acc: 1.0000  loss_cls: 0.6643
2026/10/07 08:00:00 - mmengine - INFO - Epoch(train) [17][100/198]  lr: 1.0000e-02  eta: 0:06:20  time: 1.3077  data_time: 0.1785  memory: 9526  grad_norm: 2.9491  loss: 0.6960  top1_acc: 0.7500  top5_acc: 1.0000  loss_cls: 0.6960
2026/10/07 08:00:28 - mmengine - INFO - Epoch(train) [17][120/198]  lr: 1.0000e-02  eta: 0:05:54  time: 1.4365  data_time: 0.3132  memory: 9526  grad_norm: 3.9841  loss: 0.9762  top1_acc: 0.8125  top5_acc: 0.9375  loss_cls: 0.9762
2026/10/07 08:00:57 - mmengine - INFO - Epoch(train) [17][140/198]  lr: 1.0000e-02  eta: 0:05:29  time: 1.3853  data_time: 0.2651  memory: 9526  grad_norm: 3.2897  loss: 0.7597  top1_acc: 0.6875  top5_acc: 1.0000  loss_cls: 0.7597
2026/10/07 08:01:24 - mmengine - INFO - Epoch(train) [17][160/198]  lr: 1.0000e-02  eta: 0:05:03  time: 1.3797  data_time: 0.2521  memory: 9526  grad_norm: 3.2650  loss: 0.8895  top1_acc: 0.6875  top5_acc: 1.0000  loss_cls: 0.8895
2026/10/07 08:01:51 - mmengine - INFO - Epoch(train) [17][180/198]  lr: 1.0000e-02  eta: 0:04:37  time: 1.3141  data_time: 0.1870  memory: 9526  grad_norm: 2.7408  loss: 0.8348  top1_acc: 0.5000  top5_acc: 0.8750  loss_cls: 0.8348
2026/10/07 08:02:14 - mmengine - INFO - Exp name: posec3d_biomechai_v7_dedup_20261007_064750
2026/10/07 08:02:46 - mmengine - INFO - Epoch(train) [18][ 20/198]  lr: 1.0000e-02  eta: 0:03:49  time: 1.4467  data_time: 0.3209  memory: 9526  grad_norm: 2.6928  loss: 0.7692  top1_acc: 0.9375  top5_acc: 1.0000  loss_cls: 0.7692
2026/10/07 08:03:14 - mmengine - INFO - Epoch(train) [18][ 40/198]  lr: 1.0000e-02  eta: 0:03:23  time: 1.4054  data_time: 0.2799  memory: 9526  grad_norm: 3.2318  loss: 0.8166  top1_acc: 0.6875  top5_acc: 0.9375  loss_cls: 0.8166
2026/10/07 08:03:42 - mmengine - INFO - Epoch(train) [18][ 60/198]  lr: 1.0000e-02  eta: 0:02:57  time: 1.3996  data_time: 0.2816  memory: 9526  grad_norm: 2.6140  loss: 0.7426  top1_acc: 0.5625  top5_acc: 0.9375  loss_cls: 0.7426
2026/10/07 08:04:08 - mmengine - INFO - Epoch(train) [18][ 80/198]  lr: 1.0000e-02  eta: 0:02:32  time: 1.2789  data_time: 0.1514  memory: 9526  grad_norm: 3.4696  loss: 1.0471  top1_acc: 0.6250  top5_acc: 1.0000  loss_cls: 1.0471
2026/10/07 08:04:34 - mmengine - INFO - Epoch(train) [18][100/198]  lr: 1.0000e-02  eta: 0:02:06  time: 1.3055  data_time: 0.1826  memory: 9526  grad_norm: 2.9600  loss: 0.7674  top1_acc: 0.6875  top5_acc: 0.9375  loss_cls: 0.7674
2026/10/07 08:05:01 - mmengine - INFO - Epoch(train) [18][120/198]  lr: 1.0000e-02  eta: 0:01:40  time: 1.3804  data_time: 0.2579  memory: 9526  grad_norm: 2.9691  loss: 0.8101  top1_acc: 0.6875  top5_acc: 1.0000  loss_cls: 0.8101
2026/10/07 08:05:28 - mmengine - INFO - Epoch(train) [18][140/198]  lr: 1.0000e-02  eta: 0:01:14  time: 1.4203  data_time: 0.2928  memory: 9526  grad_norm: 2.8918  loss: 0.8358  top1_acc: 0.4375  top5_acc: 0.9375  loss_cls: 0.8358
2026/10/07 08:05:55 - mmengine - INFO - Epoch(train) [18][160/198]  lr: 1.0000e-02  eta: 0:00:49  time: 1.3496  data_time: 0.2187  memory: 9526  grad_norm: 3.3655  loss: 1.0299  top1_acc: 0.7500  top5_acc: 1.0000  loss_cls: 1.0299
2026/10/07 08:06:23 - mmengine - INFO - Epoch(train) [18][180/198]  lr: 1.0000e-02  eta: 0:00:23  time: 1.4624  data_time: 0.3407  memory: 9526  grad_norm: 2.8667  loss: 0.8046  top1_acc: 0.6250  top5_acc: 1.0000  loss_cls: 0.8046
2026/10/07 08:06:47 - mmengine - INFO - Exp name: posec3d_biomechai_v7_dedup_20261007_064750
2026/10/07 08:06:47 - mmengine - INFO - Saving checkpoint at 18 epochs
2026/10/07 08:07:03 - mmengine - INFO - Epoch(val) [18][12/12]    acc/top1: 0.5677  acc/top5: 0.9271  acc/mean1: 0.5949  data_time: 0.8823  time: 1.2514
